11:47:48 **** Incremental Build of configuration Debug for project UATR_4LED_RECEVER ****
make -j4 all 
arm-none-eabi-gcc "../Core/Src/main.c" -mcpu=cortex-m4 -std=gnu11 -g3 -DDEBUG -DUSE_HAL_DRIVER -DSTM32F407xx -c -I../Core/Inc -I../Drivers/STM32F4xx_HAL_Driver/Inc -I../Drivers/STM32F4xx_HAL_Driver/Inc/Legacy -I../Drivers/CMSIS/Device/ST/STM32F4xx/Include -I../Drivers/CMSIS/Include -O0 -ffunction-sections -fdata-sections -Wall -fstack-usage -fcyclomatic-complexity -MMD -MP -MF"Core/Src/main.d" -MT"Core/Src/main.o" --specs=nano.specs -mfpu=fpv4-sp-d16 -mfloat-abi=hard -mthumb -o "Core/Src/main.o"
../Core/Src/main.c: In function 'main':
../Core/Src/main.c:116:32: error: redefinition of 'msg'
  116 |                           char msg[] = "LED ON \r\n";
      |                                ^~~
../Core/Src/main.c:110:32: note: previous definition of 'msg' with type 'char[10]'
  110 |                           char msg[] = "LED ON \r\n";
      |                                ^~~
../Core/Src/main.c:122:32: error: redefinition of 'msg'
  122 |                           char msg[] = "LED ON \r\n";
      |                                ^~~
../Core/Src/main.c:116:32: note: previous definition of 'msg' with type 'char[10]'
  116 |                           char msg[] = "LED ON \r\n";
      |                                ^~~
../Core/Src/main.c:128:32: error: redefinition of 'msg'
  128 |                           char msg[] = "LED ON \r\n";
      |                                ^~~
../Core/Src/main.c:122:32: note: previous definition of 'msg' with type 'char[10]'
  122 |                           char msg[] = "LED ON \r\n";
      |                                ^~~
make: *** [Core/Src/subdir.mk:34: Core/Src/main.o] Error 1
"make -j4 all" terminated with exit code 2. Build might be incomplete.
11:48:47 **** Build of configuration Debug for project DAC_SQUARE ****
make -j4 all 
arm-none-eabi-size  DAC_SQUARE.elf 
   text	   data	    bss	    dec	    hex	filename
   6884	     12	   1596	   8492	   212c	DAC_SQUARE.elf
Finished building: default.size.stdout
 
11:48:49 **** Build of configuration Debug for project LED_timer ****
make -j4 all 
arm-none-eabi-size  LED_timer.elf 
   text	   data	    bss	    dec	    hex	filename
   8824	     12	   1716	  10552	   2938	LED_timer.elf
Finished building: default.size.stdout
 
11:48:50 **** Build of configuration Debug for project PWM ****
make -j4 all 
arm-none-eabi-size  PWM.elf 
   text	   data	    bss	    dec	    hex	filename
   9744	     12	   1644	  11400	   2c88	PWM.elf
Finished building: default.size.stdout
 
11:48:51 **** Incremental Build of configuration Debug for project UART ****
make -j4 all 
arm-none-eabi-size  UART.elf 
   text	   data	    bss	    dec	    hex	filename
  13144	    104	   1976	  15224	   3b78	UART.elf
Finished building: default.size.stdout
 
11:48:52 **** Incremental Build of configuration Debug for project UART_RECIVIER ****
make -j4 all 
arm-none-eabi-size  UART_RECIVIER.elf 
   text	   data	    bss	    dec	    hex	filename
   8896	     12	   1644	  10552	   2938	UART_RECIVIER.elf
Finished building: default.size.stdout
 
11:48:53 **** Incremental Build of configuration Debug for project UATR_4LED_RECEVER ****
make -j4 all 
arm-none-eabi-gcc "../Core/Src/main.c" -mcpu=cortex-m4 -std=gnu11 -g3 -DDEBUG -DUSE_HAL_DRIVER -DSTM32F407xx -c -I../Core/Inc -I../Drivers/STM32F4xx_HAL_Driver/Inc -I../Drivers/STM32F4xx_HAL_Driver/Inc/Legacy -I../Drivers/CMSIS/Device/ST/STM32F4xx/Include -I../Drivers/CMSIS/Include -O0 -ffunction-sections -fdata-sections -Wall -fstack-usage -fcyclomatic-complexity -MMD -MP -MF"Core/Src/main.d" -MT"Core/Src/main.o" --specs=nano.specs -mfpu=fpv4-sp-d16 -mfloat-abi=hard -mthumb -o "Core/Src/main.o"
arm-none-eabi-gcc -o "UATR_4LED_RECEVER.elf" @"objects.list"   -mcpu=cortex-m4 -T"C:\Users\My PC\STM32CubeIDE\workspace_1.18.1\UATR_4LED_RECEVER\STM32F407VGTX_FLASH.ld" --specs=nosys.specs -Wl,-Map="UATR_4LED_RECEVER.map" -Wl,--gc-sections -static --specs=nano.specs -mfpu=fpv4-sp-d16 -mfloat-abi=hard -mthumb -Wl,--start-group -lc -lm -Wl,--end-group
Finished building target: UATR_4LED_RECEVER.elf
 
arm-none-eabi-size  UATR_4LED_RECEVER.elf 
arm-none-eabi-objdump -h -S UATR_4LED_RECEVER.elf  > "UATR_4LED_RECEVER.list"
   text	   data	    bss	    dec	    hex	filename
   9140	     12	   1644	  10796	   2a2c	UATR_4LED_RECEVER.elf
Finished building: default.size.stdout
 
Finished building: UATR_4LED_RECEVER.list
 
11:48:56 **** Build of configuration Debug for project WDT_1 ****
make -j4 all 
arm-none-eabi-size  WDT_1.elf 
   text	   data	    bss	    dec	    hex	filename
   6372	     12	   1580	   7964	   1f1c	WDT_1.elf
Finished building: default.size.stdout
 
11:48:57 **** Build of configuration Debug for project bit_intrupt ****
make -j4 all 
arm-none-eabi-size  bit_intrupt.elf 
   text	   data	    bss	    dec	    hex	filename
   6180	     12	   1572	   7764	   1e54	bit_intrupt.elf
Finished building: default.size.stdout
 
11:48:59 **** Build of configuration Debug for project bit_led ****
make -j4 all 
arm-none-eabi-gcc "../Core/Src/main.c" -mcpu=cortex-m4 -std=gnu11 -g3 -DDEBUG -DUSE_HAL_DRIVER -DSTM32F407xx -c -I../Core/Inc -I../Drivers/STM32F4xx_HAL_Driver/Inc -I../Drivers/STM32F4xx_HAL_Driver/Inc/Legacy -I../Drivers/CMSIS/Device/ST/STM32F4xx/Include -I../Drivers/CMSIS/Include -O0 -ffunction-sections -fdata-sections -Wall -fstack-usage -fcyclomatic-complexity -MMD -MP -MF"Core/Src/main.d" -MT"Core/Src/main.o" --specs=nano.specs -mfpu=fpv4-sp-d16 -mfloat-abi=hard -mthumb -o "Core/Src/main.o"
../Core/Src/main.c: In function 'main':
../Core/Src/main.c:184:13: error: invalid storage class for function 'MX_GPIO_Init'
  184 | static void MX_GPIO_Init(void)
      |             ^~~~~~~~~~~~
../Core/Src/main.c:233:1: error: expected declaration or statement at end of input
  233 | }
      | ^
../Core/Src/main.c: At top level:
../Core/Src/main.c:50:13: warning: 'MX_GPIO_Init' used but never defined
   50 | static void MX_GPIO_Init(void);
      |             ^~~~~~~~~~~~
../Core/Src/main.c:224:6: warning: 'Error_Handler' defined but not used [-Wunused-function]
  224 | void Error_Handler(void)
      |      ^~~~~~~~~~~~~
../Core/Src/main.c:184:13: warning: 'MX_GPIO_Init' defined but not used [-Wunused-function]
  184 | static void MX_GPIO_Init(void)
      |             ^~~~~~~~~~~~
../Core/Src/main.c:142:6: warning: 'SystemClock_Config' defined but not used [-Wunused-function]
  142 | void SystemClock_Config(void)
      |      ^~~~~~~~~~~~~~~~~~
make: *** [Core/Src/subdir.mk:34: Core/Src/main.o] Error 1
"make -j4 all" terminated with exit code 2. Build might be incomplete.
11:49:01 **** Build of configuration Debug for project laser ****
make -j4 all 
arm-none-eabi-size  laser.elf 
   text	   data	    bss	    dec	    hex	filename
   6084	     12	   1572	   7668	   1df4	laser.elf
Finished building: default.size.stdout
 
11:49:02 **** Build of configuration Debug for project led_blink ****
make -j4 all 
arm-none-eabi-size  led_blink.elf 
   text	   data	    bss	    dec	    hex	filename
   6068	     12	   1572	   7652	   1de4	led_blink.elf
Finished building: default.size.stdout
 
11:49:03 **** Build of configuration Debug for project led_first ****
make -j4 all 
arm-none-eabi-gcc "../Drivers/STM32F4xx_HAL_Driver/Src/stm32f4xx_hal.c" -mcpu=cortex-m4 -std=gnu11 -g3 -DDEBUG -DUSE_HAL_DRIVER -DSTM32F407xx -c -I../Core/Inc -I../Drivers/STM32F4xx_HAL_Driver/Inc -I../Drivers/STM32F4xx_HAL_Driver/Inc/Legacy -I../Drivers/CMSIS/Device/ST/STM32F4xx/Include -I../Drivers/CMSIS/Include -O0 -ffunction-sections -fdata-sections -Wall -fstack-usage -fcyclomatic-complexity -MMD -MP -MF"Drivers/STM32F4xx_HAL_Driver/Src/stm32f4xx_hal.d" -MT"Drivers/STM32F4xx_HAL_Driver/Src/stm32f4xx_hal.o" --specs=nano.specs -mfpu=fpv4-sp-d16 -mfloat-abi=hard -mthumb -o "Drivers/STM32F4xx_HAL_Driver/Src/stm32f4xx_hal.o"
arm-none-eabi-gcc "../Drivers/STM32F4xx_HAL_Driver/Src/stm32f4xx_hal_cortex.c" -mcpu=cortex-m4 -std=gnu11 -g3 -DDEBUG -DUSE_HAL_DRIVER -DSTM32F407xx -c -I../Core/Inc -I../Drivers/STM32F4xx_HAL_Driver/Inc -I../Drivers/STM32F4xx_HAL_Driver/Inc/Legacy -I../Drivers/CMSIS/Device/ST/STM32F4xx/Include -I../Drivers/CMSIS/Include -O0 -ffunction-sections -fdata-sections -Wall -fstack-usage -fcyclomatic-complexity -MMD -MP -MF"Drivers/STM32F4xx_HAL_Driver/Src/stm32f4xx_hal_cortex.d" -MT"Drivers/STM32F4xx_HAL_Driver/Src/stm32f4xx_hal_cortex.o" --specs=nano.specs -mfpu=fpv4-sp-d16 -mfloat-abi=hard -mthumb -o "Drivers/STM32F4xx_HAL_Driver/Src/stm32f4xx_hal_cortex.o"
arm-none-eabi-gcc "../Drivers/STM32F4xx_HAL_Driver/Src/stm32f4xx_hal_dma.c" -mcpu=cortex-m4 -std=gnu11 -g3 -DDEBUG -DUSE_HAL_DRIVER -DSTM32F407xx -c -I../Core/Inc -I../Drivers/STM32F4xx_HAL_Driver/Inc -I../Drivers/STM32F4xx_HAL_Driver/Inc/Legacy -I../Drivers/CMSIS/Device/ST/STM32F4xx/Include -I../Drivers/CMSIS/Include -O0 -ffunction-sections -fdata-sections -Wall -fstack-usage -fcyclomatic-complexity -MMD -MP -MF"Drivers/STM32F4xx_HAL_Driver/Src/stm32f4xx_hal_dma.d" -MT"Drivers/STM32F4xx_HAL_Driver/Src/stm32f4xx_hal_dma.o" --specs=nano.specs -mfpu=fpv4-sp-d16 -mfloat-abi=hard -mthumb -o "Drivers/STM32F4xx_HAL_Driver/Src/stm32f4xx_hal_dma.o"
arm-none-eabi-gcc "../Drivers/STM32F4xx_HAL_Driver/Src/stm32f4xx_hal_dma_ex.c" -mcpu=cortex-m4 -std=gnu11 -g3 -DDEBUG -DUSE_HAL_DRIVER -DSTM32F407xx -c -I../Core/Inc -I../Drivers/STM32F4xx_HAL_Driver/Inc -I../Drivers/STM32F4xx_HAL_Driver/Inc/Legacy -I../Drivers/CMSIS/Device/ST/STM32F4xx/Include -I../Drivers/CMSIS/Include -O0 -ffunction-sections -fdata-sections -Wall -fstack-usage -fcyclomatic-complexity -MMD -MP -MF"Drivers/STM32F4xx_HAL_Driver/Src/stm32f4xx_hal_dma_ex.d" -MT"Drivers/STM32F4xx_HAL_Driver/Src/stm32f4xx_hal_dma_ex.o" --specs=nano.specs -mfpu=fpv4-sp-d16 -mfloat-abi=hard -mthumb -o "Drivers/STM32F4xx_HAL_Driver/Src/stm32f4xx_hal_dma_ex.o"
arm-none-eabi-gcc "../Drivers/STM32F4xx_HAL_Driver/Src/stm32f4xx_hal_exti.c" -mcpu=cortex-m4 -std=gnu11 -g3 -DDEBUG -DUSE_HAL_DRIVER -DSTM32F407xx -c -I../Core/Inc -I../Drivers/STM32F4xx_HAL_Driver/Inc -I../Drivers/STM32F4xx_HAL_Driver/Inc/Legacy -I../Drivers/CMSIS/Device/ST/STM32F4xx/Include -I../Drivers/CMSIS/Include -O0 -ffunction-sections -fdata-sections -Wall -fstack-usage -fcyclomatic-complexity -MMD -MP -MF"Drivers/STM32F4xx_HAL_Driver/Src/stm32f4xx_hal_exti.d" -MT"Drivers/STM32F4xx_HAL_Driver/Src/stm32f4xx_hal_exti.o" --specs=nano.specs -mfpu=fpv4-sp-d16 -mfloat-abi=hard -mthumb -o "Drivers/STM32F4xx_HAL_Driver/Src/stm32f4xx_hal_exti.o"
arm-none-eabi-gcc "../Drivers/STM32F4xx_HAL_Driver/Src/stm32f4xx_hal_flash.c" -mcpu=cortex-m4 -std=gnu11 -g3 -DDEBUG -DUSE_HAL_DRIVER -DSTM32F407xx -c -I../Core/Inc -I../Drivers/STM32F4xx_HAL_Driver/Inc -I../Drivers/STM32F4xx_HAL_Driver/Inc/Legacy -I../Drivers/CMSIS/Device/ST/STM32F4xx/Include -I../Drivers/CMSIS/Include -O0 -ffunction-sections -fdata-sections -Wall -fstack-usage -fcyclomatic-complexity -MMD -MP -MF"Drivers/STM32F4xx_HAL_Driver/Src/stm32f4xx_hal_flash.d" -MT"Drivers/STM32F4xx_HAL_Driver/Src/stm32f4xx_hal_flash.o" --specs=nano.specs -mfpu=fpv4-sp-d16 -mfloat-abi=hard -mthumb -o "Drivers/STM32F4xx_HAL_Driver/Src/stm32f4xx_hal_flash.o"
arm-none-eabi-gcc "../Drivers/STM32F4xx_HAL_Driver/Src/stm32f4xx_hal_flash_ex.c" -mcpu=cortex-m4 -std=gnu11 -g3 -DDEBUG -DUSE_HAL_DRIVER -DSTM32F407xx -c -I../Core/Inc -I../Drivers/STM32F4xx_HAL_Driver/Inc -I../Drivers/STM32F4xx_HAL_Driver/Inc/Legacy -I../Drivers/CMSIS/Device/ST/STM32F4xx/Include -I../Drivers/CMSIS/Include -O0 -ffunction-sections -fdata-sections -Wall -fstack-usage -fcyclomatic-complexity -MMD -MP -MF"Drivers/STM32F4xx_HAL_Driver/Src/stm32f4xx_hal_flash_ex.d" -MT"Drivers/STM32F4xx_HAL_Driver/Src/stm32f4xx_hal_flash_ex.o" --specs=nano.specs -mfpu=fpv4-sp-d16 -mfloat-abi=hard -mthumb -o "Drivers/STM32F4xx_HAL_Driver/Src/stm32f4xx_hal_flash_ex.o"
arm-none-eabi-gcc "../Drivers/STM32F4xx_HAL_Driver/Src/stm32f4xx_hal_flash_ramfunc.c" -mcpu=cortex-m4 -std=gnu11 -g3 -DDEBUG -DUSE_HAL_DRIVER -DSTM32F407xx -c -I../Core/Inc -I../Drivers/STM32F4xx_HAL_Driver/Inc -I../Drivers/STM32F4xx_HAL_Driver/Inc/Legacy -I../Drivers/CMSIS/Device/ST/STM32F4xx/Include -I../Drivers/CMSIS/Include -O0 -ffunction-sections -fdata-sections -Wall -fstack-usage -fcyclomatic-complexity -MMD -MP -MF"Drivers/STM32F4xx_HAL_Driver/Src/stm32f4xx_hal_flash_ramfunc.d" -MT"Drivers/STM32F4xx_HAL_Driver/Src/stm32f4xx_hal_flash_ramfunc.o" --specs=nano.specs -mfpu=fpv4-sp-d16 -mfloat-abi=hard -mthumb -o "Drivers/STM32F4xx_HAL_Driver/Src/stm32f4xx_hal_flash_ramfunc.o"
arm-none-eabi-gcc "../Drivers/STM32F4xx_HAL_Driver/Src/stm32f4xx_hal_gpio.c" -mcpu=cortex-m4 -std=gnu11 -g3 -DDEBUG -DUSE_HAL_DRIVER -DSTM32F407xx -c -I../Core/Inc -I../Drivers/STM32F4xx_HAL_Driver/Inc -I../Drivers/STM32F4xx_HAL_Driver/Inc/Legacy -I../Drivers/CMSIS/Device/ST/STM32F4xx/Include -I../Drivers/CMSIS/Include -O0 -ffunction-sections -fdata-sections -Wall -fstack-usage -fcyclomatic-complexity -MMD -MP -MF"Drivers/STM32F4xx_HAL_Driver/Src/stm32f4xx_hal_gpio.d" -MT"Drivers/STM32F4xx_HAL_Driver/Src/stm32f4xx_hal_gpio.o" --specs=nano.specs -mfpu=fpv4-sp-d16 -mfloat-abi=hard -mthumb -o "Drivers/STM32F4xx_HAL_Driver/Src/stm32f4xx_hal_gpio.o"
arm-none-eabi-gcc "../Drivers/STM32F4xx_HAL_Driver/Src/stm32f4xx_hal_pwr.c" -mcpu=cortex-m4 -std=gnu11 -g3 -DDEBUG -DUSE_HAL_DRIVER -DSTM32F407xx -c -I../Core/Inc -I../Drivers/STM32F4xx_HAL_Driver/Inc -I../Drivers/STM32F4xx_HAL_Driver/Inc/Legacy -I../Drivers/CMSIS/Device/ST/STM32F4xx/Include -I../Drivers/CMSIS/Include -O0 -ffunction-sections -fdata-sections -Wall -fstack-usage -fcyclomatic-complexity -MMD -MP -MF"Drivers/STM32F4xx_HAL_Driver/Src/stm32f4xx_hal_pwr.d" -MT"Drivers/STM32F4xx_HAL_Driver/Src/stm32f4xx_hal_pwr.o" --specs=nano.specs -mfpu=fpv4-sp-d16 -mfloat-abi=hard -mthumb -o "Drivers/STM32F4xx_HAL_Driver/Src/stm32f4xx_hal_pwr.o"
arm-none-eabi-gcc "../Drivers/STM32F4xx_HAL_Driver/Src/stm32f4xx_hal_pwr_ex.c" -mcpu=cortex-m4 -std=gnu11 -g3 -DDEBUG -DUSE_HAL_DRIVER -DSTM32F407xx -c -I../Core/Inc -I../Drivers/STM32F4xx_HAL_Driver/Inc -I../Drivers/STM32F4xx_HAL_Driver/Inc/Legacy -I../Drivers/CMSIS/Device/ST/STM32F4xx/Include -I../Drivers/CMSIS/Include -O0 -ffunction-sections -fdata-sections -Wall -fstack-usage -fcyclomatic-complexity -MMD -MP -MF"Drivers/STM32F4xx_HAL_Driver/Src/stm32f4xx_hal_pwr_ex.d" -MT"Drivers/STM32F4xx_HAL_Driver/Src/stm32f4xx_hal_pwr_ex.o" --specs=nano.specs -mfpu=fpv4-sp-d16 -mfloat-abi=hard -mthumb -o "Drivers/STM32F4xx_HAL_Driver/Src/stm32f4xx_hal_pwr_ex.o"
arm-none-eabi-gcc "../Drivers/STM32F4xx_HAL_Driver/Src/stm32f4xx_hal_rcc.c" -mcpu=cortex-m4 -std=gnu11 -g3 -DDEBUG -DUSE_HAL_DRIVER -DSTM32F407xx -c -I../Core/Inc -I../Drivers/STM32F4xx_HAL_Driver/Inc -I../Drivers/STM32F4xx_HAL_Driver/Inc/Legacy -I../Drivers/CMSIS/Device/ST/STM32F4xx/Include -I../Drivers/CMSIS/Include -O0 -ffunction-sections -fdata-sections -Wall -fstack-usage -fcyclomatic-complexity -MMD -MP -MF"Drivers/STM32F4xx_HAL_Driver/Src/stm32f4xx_hal_rcc.d" -MT"Drivers/STM32F4xx_HAL_Driver/Src/stm32f4xx_hal_rcc.o" --specs=nano.specs -mfpu=fpv4-sp-d16 -mfloat-abi=hard -mthumb -o "Drivers/STM32F4xx_HAL_Driver/Src/stm32f4xx_hal_rcc.o"
arm-none-eabi-gcc "../Drivers/STM32F4xx_HAL_Driver/Src/stm32f4xx_hal_rcc_ex.c" -mcpu=cortex-m4 -std=gnu11 -g3 -DDEBUG -DUSE_HAL_DRIVER -DSTM32F407xx -c -I../Core/Inc -I../Drivers/STM32F4xx_HAL_Driver/Inc -I../Drivers/STM32F4xx_HAL_Driver/Inc/Legacy -I../Drivers/CMSIS/Device/ST/STM32F4xx/Include -I../Drivers/CMSIS/Include -O0 -ffunction-sections -fdata-sections -Wall -fstack-usage -fcyclomatic-complexity -MMD -MP -MF"Drivers/STM32F4xx_HAL_Driver/Src/stm32f4xx_hal_rcc_ex.d" -MT"Drivers/STM32F4xx_HAL_Driver/Src/stm32f4xx_hal_rcc_ex.o" --specs=nano.specs -mfpu=fpv4-sp-d16 -mfloat-abi=hard -mthumb -o "Drivers/STM32F4xx_HAL_Driver/Src/stm32f4xx_hal_rcc_ex.o"
arm-none-eabi-gcc -mcpu=cortex-m4 -g3 -DDEBUG -c -x assembler-with-cpp -MMD -MP -MF"Core/Startup/startup_stm32f407vgtx.d" -MT"Core/Startup/startup_stm32f407vgtx.o" --specs=nano.specs -mfpu=fpv4-sp-d16 -mfloat-abi=hard -mthumb -o "Core/Startup/startup_stm32f407vgtx.o" "../Core/Startup/startup_stm32f407vgtx.s"
arm-none-eabi-gcc "../Core/Src/main.c" -mcpu=cortex-m4 -std=gnu11 -g3 -DDEBUG -DUSE_HAL_DRIVER -DSTM32F407xx -c -I../Core/Inc -I../Drivers/STM32F4xx_HAL_Driver/Inc -I../Drivers/STM32F4xx_HAL_Driver/Inc/Legacy -I../Drivers/CMSIS/Device/ST/STM32F4xx/Include -I../Drivers/CMSIS/Include -O0 -ffunction-sections -fdata-sections -Wall -fstack-usage -fcyclomatic-complexity -MMD -MP -MF"Core/Src/main.d" -MT"Core/Src/main.o" --specs=nano.specs -mfpu=fpv4-sp-d16 -mfloat-abi=hard -mthumb -o "Core/Src/main.o"
arm-none-eabi-gcc "../Core/Src/stm32f4xx_hal_msp.c" -mcpu=cortex-m4 -std=gnu11 -g3 -DDEBUG -DUSE_HAL_DRIVER -DSTM32F407xx -c -I../Core/Inc -I../Drivers/STM32F4xx_HAL_Driver/Inc -I../Drivers/STM32F4xx_HAL_Driver/Inc/Legacy -I../Drivers/CMSIS/Device/ST/STM32F4xx/Include -I../Drivers/CMSIS/Include -O0 -ffunction-sections -fdata-sections -Wall -fstack-usage -fcyclomatic-complexity -MMD -MP -MF"Core/Src/stm32f4xx_hal_msp.d" -MT"Core/Src/stm32f4xx_hal_msp.o" --specs=nano.specs -mfpu=fpv4-sp-d16 -mfloat-abi=hard -mthumb -o "Core/Src/stm32f4xx_hal_msp.o"
arm-none-eabi-gcc "../Core/Src/stm32f4xx_it.c" -mcpu=cortex-m4 -std=gnu11 -g3 -DDEBUG -DUSE_HAL_DRIVER -DSTM32F407xx -c -I../Core/Inc -I../Drivers/STM32F4xx_HAL_Driver/Inc -I../Drivers/STM32F4xx_HAL_Driver/Inc/Legacy -I../Drivers/CMSIS/Device/ST/STM32F4xx/Include -I../Drivers/CMSIS/Include -O0 -ffunction-sections -fdata-sections -Wall -fstack-usage -fcyclomatic-complexity -MMD -MP -MF"Core/Src/stm32f4xx_it.d" -MT"Core/Src/stm32f4xx_it.o" --specs=nano.specs -mfpu=fpv4-sp-d16 -mfloat-abi=hard -mthumb -o "Core/Src/stm32f4xx_it.o"
../Core/Src/main.c: In function 'main':
../Core/Src/main.c:100:36: error: 'GPIO_Pin_12' undeclared (first use in this function); did you mean 'GPIO_PIN_12'?
  100 |           HAL_GPIO_WritePin(GPIOD, GPIO_Pin_12,1);
      |                                    ^~~~~~~~~~~
      |                                    GPIO_PIN_12
../Core/Src/main.c:100:36: note: each undeclared identifier is reported only once for each function it appears in
make: *** [Core/Src/subdir.mk:34: Core/Src/main.o] Error 1
make: *** Waiting for unfinished jobs....
"make -j4 all" terminated with exit code 2. Build might be incomplete.
11:49:10 **** Build of configuration Debug for project printf_swv ****
make -j4 all 
arm-none-eabi-size  printf_swv.elf 
   text	   data	    bss	    dec	    hex	filename
   9288	    104	   1912	  11304	   2c28	printf_swv.elf
Finished building: default.size.stdout
 
11:49:26 **** Incremental Build of configuration Debug for project UATR_4LED_RECEVER ****
make -j4 all 
arm-none-eabi-size  UATR_4LED_RECEVER.elf 
   text	   data	    bss	    dec	    hex	filename
   9140	     12	   1644	  10796	   2a2c	UATR_4LED_RECEVER.elf
Finished building: default.size.stdout
 
11:53:01 **** Incremental Build of configuration Debug for project DAC_SQUARE ****
make -j4 all 
arm-none-eabi-size  DAC_SQUARE.elf 
   text	   data	    bss	    dec	    hex	filename
   6884	     12	   1596	   8492	   212c	DAC_SQUARE.elf
Finished building: default.size.stdout
 
11:53:02 **** Incremental Build of configuration Debug for project LED_timer ****
make -j4 all 
arm-none-eabi-size  LED_timer.elf 
   text	   data	    bss	    dec	    hex	filename
   8824	     12	   1716	  10552	   2938	LED_timer.elf
Finished building: default.size.stdout
 
11:53:04 **** Incremental Build of configuration Debug for project PWM ****
make -j4 all 
arm-none-eabi-size  PWM.elf 
   text	   data	    bss	    dec	    hex	filename
   9744	     12	   1644	  11400	   2c88	PWM.elf
Finished building: default.size.stdout
 
11:53:05 **** Incremental Build of configuration Debug for project UART ****
make -j4 all 
arm-none-eabi-size  UART.elf 
   text	   data	    bss	    dec	    hex	filename
  13144	    104	   1976	  15224	   3b78	UART.elf
Finished building: default.size.stdout
 
11:53:06 **** Incremental Build of configuration Debug for project UART_RECIVIER ****
make -j4 all 
arm-none-eabi-size  UART_RECIVIER.elf 
   text	   data	    bss	    dec	    hex	filename
   8896	     12	   1644	  10552	   2938	UART_RECIVIER.elf
Finished building: default.size.stdout
 
11:53:07 **** Incremental Build of configuration Debug for project UATR_4LED_RECEVER ****
make -j4 all 
arm-none-eabi-gcc "../Core/Src/main.c" -mcpu=cortex-m4 -std=gnu11 -g3 -DDEBUG -DUSE_HAL_DRIVER -DSTM32F407xx -c -I../Core/Inc -I../Drivers/STM32F4xx_HAL_Driver/Inc -I../Drivers/STM32F4xx_HAL_Driver/Inc/Legacy -I../Drivers/CMSIS/Device/ST/STM32F4xx/Include -I../Drivers/CMSIS/Include -O0 -ffunction-sections -fdata-sections -Wall -fstack-usage -fcyclomatic-complexity -MMD -MP -MF"Core/Src/main.d" -MT"Core/Src/main.o" --specs=nano.specs -mfpu=fpv4-sp-d16 -mfloat-abi=hard -mthumb -o "Core/Src/main.o"
arm-none-eabi-gcc -o "UATR_4LED_RECEVER.elf" @"objects.list"   -mcpu=cortex-m4 -T"C:\Users\My PC\STM32CubeIDE\workspace_1.18.1\UATR_4LED_RECEVER\STM32F407VGTX_FLASH.ld" --specs=nosys.specs -Wl,-Map="UATR_4LED_RECEVER.map" -Wl,--gc-sections -static --specs=nano.specs -mfpu=fpv4-sp-d16 -mfloat-abi=hard -mthumb -Wl,--start-group -lc -lm -Wl,--end-group
Finished building target: UATR_4LED_RECEVER.elf
 
arm-none-eabi-size  UATR_4LED_RECEVER.elf 
arm-none-eabi-objdump -h -S UATR_4LED_RECEVER.elf  > "UATR_4LED_RECEVER.list"
   text	   data	    bss	    dec	    hex	filename
   8968	     12	   1644	  10624	   2980	UATR_4LED_RECEVER.elf
Finished building: default.size.stdout
 
Finished building: UATR_4LED_RECEVER.list
 
11:53:11 **** Incremental Build of configuration Debug for project WDT_1 ****
make -j4 all 
arm-none-eabi-size  WDT_1.elf 
   text	   data	    bss	    dec	    hex	filename
   6372	     12	   1580	   7964	   1f1c	WDT_1.elf
Finished building: default.size.stdout
 
11:53:12 **** Incremental Build of configuration Debug for project bit_intrupt ****
make -j4 all 
arm-none-eabi-size  bit_intrupt.elf 
   text	   data	    bss	    dec	    hex	filename
   6180	     12	   1572	   7764	   1e54	bit_intrupt.elf
Finished building: default.size.stdout
 
11:53:13 **** Incremental Build of configuration Debug for project bit_led ****
make -j4 all 
arm-none-eabi-gcc "../Core/Src/main.c" -mcpu=cortex-m4 -std=gnu11 -g3 -DDEBUG -DUSE_HAL_DRIVER -DSTM32F407xx -c -I../Core/Inc -I../Drivers/STM32F4xx_HAL_Driver/Inc -I../Drivers/STM32F4xx_HAL_Driver/Inc/Legacy -I../Drivers/CMSIS/Device/ST/STM32F4xx/Include -I../Drivers/CMSIS/Include -O0 -ffunction-sections -fdata-sections -Wall -fstack-usage -fcyclomatic-complexity -MMD -MP -MF"Core/Src/main.d" -MT"Core/Src/main.o" --specs=nano.specs -mfpu=fpv4-sp-d16 -mfloat-abi=hard -mthumb -o "Core/Src/main.o"
../Core/Src/main.c: In function 'main':
../Core/Src/main.c:184:13: error: invalid storage class for function 'MX_GPIO_Init'
  184 | static void MX_GPIO_Init(void)
      |             ^~~~~~~~~~~~
../Core/Src/main.c:233:1: error: expected declaration or statement at end of input
  233 | }
      | ^
../Core/Src/main.c: At top level:
../Core/Src/main.c:50:13: warning: 'MX_GPIO_Init' used but never defined
   50 | static void MX_GPIO_Init(void);
      |             ^~~~~~~~~~~~
../Core/Src/main.c:224:6: warning: 'Error_Handler' defined but not used [-Wunused-function]
  224 | void Error_Handler(void)
      |      ^~~~~~~~~~~~~
../Core/Src/main.c:184:13: warning: 'MX_GPIO_Init' defined but not used [-Wunused-function]
  184 | static void MX_GPIO_Init(void)
      |             ^~~~~~~~~~~~
../Core/Src/main.c:142:6: warning: 'SystemClock_Config' defined but not used [-Wunused-function]
  142 | void SystemClock_Config(void)
      |      ^~~~~~~~~~~~~~~~~~
make: *** [Core/Src/subdir.mk:34: Core/Src/main.o] Error 1
"make -j4 all" terminated with exit code 2. Build might be incomplete.
11:53:16 **** Incremental Build of configuration Debug for project laser ****
make -j4 all 
arm-none-eabi-size  laser.elf 
   text	   data	    bss	    dec	    hex	filename
   6084	     12	   1572	   7668	   1df4	laser.elf
Finished building: default.size.stdout
 
11:53:17 **** Incremental Build of configuration Debug for project led_blink ****
make -j4 all 
arm-none-eabi-size  led_blink.elf 
   text	   data	    bss	    dec	    hex	filename
   6068	     12	   1572	   7652	   1de4	led_blink.elf
Finished building: default.size.stdout
 
11:53:18 **** Incremental Build of configuration Debug for project led_first ****
make -j4 all 
arm-none-eabi-gcc "../Core/Src/main.c" -mcpu=cortex-m4 -std=gnu11 -g3 -DDEBUG -DUSE_HAL_DRIVER -DSTM32F407xx -c -I../Core/Inc -I../Drivers/STM32F4xx_HAL_Driver/Inc -I../Drivers/STM32F4xx_HAL_Driver/Inc/Legacy -I../Drivers/CMSIS/Device/ST/STM32F4xx/Include -I../Drivers/CMSIS/Include -O0 -ffunction-sections -fdata-sections -Wall -fstack-usage -fcyclomatic-complexity -MMD -MP -MF"Core/Src/main.d" -MT"Core/Src/main.o" --specs=nano.specs -mfpu=fpv4-sp-d16 -mfloat-abi=hard -mthumb -o "Core/Src/main.o"
arm-none-eabi-gcc "../Core/Src/syscalls.c" -mcpu=cortex-m4 -std=gnu11 -g3 -DDEBUG -DUSE_HAL_DRIVER -DSTM32F407xx -c -I../Core/Inc -I../Drivers/STM32F4xx_HAL_Driver/Inc -I../Drivers/STM32F4xx_HAL_Driver/Inc/Legacy -I../Drivers/CMSIS/Device/ST/STM32F4xx/Include -I../Drivers/CMSIS/Include -O0 -ffunction-sections -fdata-sections -Wall -fstack-usage -fcyclomatic-complexity -MMD -MP -MF"Core/Src/syscalls.d" -MT"Core/Src/syscalls.o" --specs=nano.specs -mfpu=fpv4-sp-d16 -mfloat-abi=hard -mthumb -o "Core/Src/syscalls.o"
arm-none-eabi-gcc "../Core/Src/sysmem.c" -mcpu=cortex-m4 -std=gnu11 -g3 -DDEBUG -DUSE_HAL_DRIVER -DSTM32F407xx -c -I../Core/Inc -I../Drivers/STM32F4xx_HAL_Driver/Inc -I../Drivers/STM32F4xx_HAL_Driver/Inc/Legacy -I../Drivers/CMSIS/Device/ST/STM32F4xx/Include -I../Drivers/CMSIS/Include -O0 -ffunction-sections -fdata-sections -Wall -fstack-usage -fcyclomatic-complexity -MMD -MP -MF"Core/Src/sysmem.d" -MT"Core/Src/sysmem.o" --specs=nano.specs -mfpu=fpv4-sp-d16 -mfloat-abi=hard -mthumb -o "Core/Src/sysmem.o"
arm-none-eabi-gcc "../Core/Src/system_stm32f4xx.c" -mcpu=cortex-m4 -std=gnu11 -g3 -DDEBUG -DUSE_HAL_DRIVER -DSTM32F407xx -c -I../Core/Inc -I../Drivers/STM32F4xx_HAL_Driver/Inc -I../Drivers/STM32F4xx_HAL_Driver/Inc/Legacy -I../Drivers/CMSIS/Device/ST/STM32F4xx/Include -I../Drivers/CMSIS/Include -O0 -ffunction-sections -fdata-sections -Wall -fstack-usage -fcyclomatic-complexity -MMD -MP -MF"Core/Src/system_stm32f4xx.d" -MT"Core/Src/system_stm32f4xx.o" --specs=nano.specs -mfpu=fpv4-sp-d16 -mfloat-abi=hard -mthumb -o "Core/Src/system_stm32f4xx.o"
../Core/Src/main.c: In function 'main':
../Core/Src/main.c:100:36: error: 'GPIO_Pin_12' undeclared (first use in this function); did you mean 'GPIO_PIN_12'?
  100 |           HAL_GPIO_WritePin(GPIOD, GPIO_Pin_12,1);
      |                                    ^~~~~~~~~~~
      |                                    GPIO_PIN_12
../Core/Src/main.c:100:36: note: each undeclared identifier is reported only once for each function it appears in
make: *** [Core/Src/subdir.mk:34: Core/Src/main.o] Error 1
make: *** Waiting for unfinished jobs....
"make -j4 all" terminated with exit code 2. Build might be incomplete.
11:53:20 **** Incremental Build of configuration Debug for project printf_swv ****
make -j4 all 
arm-none-eabi-size  printf_swv.elf 
   text	   data	    bss	    dec	    hex	filename
   9288	    104	   1912	  11304	   2c28	printf_swv.elf
Finished building: default.size.stdout
 
11:55:54 **** Incremental Build of configuration Debug for project DAC_SQUARE ****
make -j4 all 
arm-none-eabi-size  DAC_SQUARE.elf 
   text	   data	    bss	    dec	    hex	filename
   6884	     12	   1596	   8492	   212c	DAC_SQUARE.elf
Finished building: default.size.stdout
 
11:55:55 **** Incremental Build of configuration Debug for project LED_timer ****
make -j4 all 
arm-none-eabi-size  LED_timer.elf 
   text	   data	    bss	    dec	    hex	filename
   8824	     12	   1716	  10552	   2938	LED_timer.elf
Finished building: default.size.stdout
 
11:55:56 **** Incremental Build of configuration Debug for project PWM ****
make -j4 all 
arm-none-eabi-size  PWM.elf 
   text	   data	    bss	    dec	    hex	filename
   9744	     12	   1644	  11400	   2c88	PWM.elf
Finished building: default.size.stdout
 
11:55:57 **** Incremental Build of configuration Debug for project UART ****
make -j4 all 
arm-none-eabi-size  UART.elf 
   text	   data	    bss	    dec	    hex	filename
  13144	    104	   1976	  15224	   3b78	UART.elf
Finished building: default.size.stdout
 
11:55:59 **** Incremental Build of configuration Debug for project UART_RECIVIER ****
make -j4 all 
arm-none-eabi-size  UART_RECIVIER.elf 
   text	   data	    bss	    dec	    hex	filename
   8896	     12	   1644	  10552	   2938	UART_RECIVIER.elf
Finished building: default.size.stdout
 
11:56:01 **** Incremental Build of configuration Debug for project UATR_4LED_RECEVER ****
make -j4 all 
arm-none-eabi-gcc "../Core/Src/main.c" -mcpu=cortex-m4 -std=gnu11 -g3 -DDEBUG -DUSE_HAL_DRIVER -DSTM32F407xx -c -I../Core/Inc -I../Drivers/STM32F4xx_HAL_Driver/Inc -I../Drivers/STM32F4xx_HAL_Driver/Inc/Legacy -I../Drivers/CMSIS/Device/ST/STM32F4xx/Include -I../Drivers/CMSIS/Include -O0 -ffunction-sections -fdata-sections -Wall -fstack-usage -fcyclomatic-complexity -MMD -MP -MF"Core/Src/main.d" -MT"Core/Src/main.o" --specs=nano.specs -mfpu=fpv4-sp-d16 -mfloat-abi=hard -mthumb -o "Core/Src/main.o"
arm-none-eabi-gcc -o "UATR_4LED_RECEVER.elf" @"objects.list"   -mcpu=cortex-m4 -T"C:\Users\My PC\STM32CubeIDE\workspace_1.18.1\UATR_4LED_RECEVER\STM32F407VGTX_FLASH.ld" --specs=nosys.specs -Wl,-Map="UATR_4LED_RECEVER.map" -Wl,--gc-sections -static --specs=nano.specs -mfpu=fpv4-sp-d16 -mfloat-abi=hard -mthumb -Wl,--start-group -lc -lm -Wl,--end-group
Finished building target: UATR_4LED_RECEVER.elf
 
arm-none-eabi-size  UATR_4LED_RECEVER.elf 
arm-none-eabi-objdump -h -S UATR_4LED_RECEVER.elf  > "UATR_4LED_RECEVER.list"
   text	   data	    bss	    dec	    hex	filename
   8988	     12	   1644	  10644	   2994	UATR_4LED_RECEVER.elf
Finished building: default.size.stdout
 
Finished building: UATR_4LED_RECEVER.list
 
11:56:04 **** Incremental Build of configuration Debug for project WDT_1 ****
make -j4 all 
arm-none-eabi-size  WDT_1.elf 
   text	   data	    bss	    dec	    hex	filename
   6372	     12	   1580	   7964	   1f1c	WDT_1.elf
Finished building: default.size.stdout
 
11:56:06 **** Incremental Build of configuration Debug for project bit_intrupt ****
make -j4 all 
arm-none-eabi-size  bit_intrupt.elf 
   text	   data	    bss	    dec	    hex	filename
   6180	     12	   1572	   7764	   1e54	bit_intrupt.elf
Finished building: default.size.stdout
 
11:56:07 **** Incremental Build of configuration Debug for project bit_led ****
make -j4 all 
arm-none-eabi-gcc "../Core/Src/main.c" -mcpu=cortex-m4 -std=gnu11 -g3 -DDEBUG -DUSE_HAL_DRIVER -DSTM32F407xx -c -I../Core/Inc -I../Drivers/STM32F4xx_HAL_Driver/Inc -I../Drivers/STM32F4xx_HAL_Driver/Inc/Legacy -I../Drivers/CMSIS/Device/ST/STM32F4xx/Include -I../Drivers/CMSIS/Include -O0 -ffunction-sections -fdata-sections -Wall -fstack-usage -fcyclomatic-complexity -MMD -MP -MF"Core/Src/main.d" -MT"Core/Src/main.o" --specs=nano.specs -mfpu=fpv4-sp-d16 -mfloat-abi=hard -mthumb -o "Core/Src/main.o"
../Core/Src/main.c: In function 'main':
../Core/Src/main.c:184:13: error: invalid storage class for function 'MX_GPIO_Init'
  184 | static void MX_GPIO_Init(void)
      |             ^~~~~~~~~~~~
../Core/Src/main.c:233:1: error: expected declaration or statement at end of input
  233 | }
      | ^
../Core/Src/main.c: At top level:
../Core/Src/main.c:50:13: warning: 'MX_GPIO_Init' used but never defined
   50 | static void MX_GPIO_Init(void);
      |             ^~~~~~~~~~~~
../Core/Src/main.c:224:6: warning: 'Error_Handler' defined but not used [-Wunused-function]
  224 | void Error_Handler(void)
      |      ^~~~~~~~~~~~~
../Core/Src/main.c:184:13: warning: 'MX_GPIO_Init' defined but not used [-Wunused-function]
  184 | static void MX_GPIO_Init(void)
      |             ^~~~~~~~~~~~
../Core/Src/main.c:142:6: warning: 'SystemClock_Config' defined but not used [-Wunused-function]
  142 | void SystemClock_Config(void)
      |      ^~~~~~~~~~~~~~~~~~
make: *** [Core/Src/subdir.mk:34: Core/Src/main.o] Error 1
"make -j4 all" terminated with exit code 2. Build might be incomplete.
11:56:09 **** Incremental Build of configuration Debug for project laser ****
make -j4 all 
arm-none-eabi-size  laser.elf 
   text	   data	    bss	    dec	    hex	filename
   6084	     12	   1572	   7668	   1df4	laser.elf
Finished building: default.size.stdout
 
11:56:10 **** Incremental Build of configuration Debug for project led_blink ****
make -j4 all 
arm-none-eabi-size  led_blink.elf 
   text	   data	    bss	    dec	    hex	filename
   6068	     12	   1572	   7652	   1de4	led_blink.elf
Finished building: default.size.stdout
 
11:56:12 **** Incremental Build of configuration Debug for project led_first ****
make -j4 all 
arm-none-eabi-gcc "../Core/Src/main.c" -mcpu=cortex-m4 -std=gnu11 -g3 -DDEBUG -DUSE_HAL_DRIVER -DSTM32F407xx -c -I../Core/Inc -I../Drivers/STM32F4xx_HAL_Driver/Inc -I../Drivers/STM32F4xx_HAL_Driver/Inc/Legacy -I../Drivers/CMSIS/Device/ST/STM32F4xx/Include -I../Drivers/CMSIS/Include -O0 -ffunction-sections -fdata-sections -Wall -fstack-usage -fcyclomatic-complexity -MMD -MP -MF"Core/Src/main.d" -MT"Core/Src/main.o" --specs=nano.specs -mfpu=fpv4-sp-d16 -mfloat-abi=hard -mthumb -o "Core/Src/main.o"
../Core/Src/main.c: In function 'main':
../Core/Src/main.c:100:36: error: 'GPIO_Pin_12' undeclared (first use in this function); did you mean 'GPIO_PIN_12'?
  100 |           HAL_GPIO_WritePin(GPIOD, GPIO_Pin_12,1);
      |                                    ^~~~~~~~~~~
      |                                    GPIO_PIN_12
../Core/Src/main.c:100:36: note: each undeclared identifier is reported only once for each function it appears in
make: *** [Core/Src/subdir.mk:34: Core/Src/main.o] Error 1
"make -j4 all" terminated with exit code 2. Build might be incomplete.
11:56:14 **** Incremental Build of configuration Debug for project printf_swv ****
make -j4 all 
arm-none-eabi-size  printf_swv.elf 
   text	   data	    bss	    dec	    hex	filename
   9288	    104	   1912	  11304	   2c28	printf_swv.elf
Finished building: default.size.stdout
 
11:56:27 **** Incremental Build of configuration Debug for project UATR_4LED_RECEVER ****
make -j4 all 
arm-none-eabi-size  UATR_4LED_RECEVER.elf 
   text	   data	    bss	    dec	    hex	filename
   8988	     12	   1644	  10644	   2994	UATR_4LED_RECEVER.elf
Finished building: default.size.stdout
 
12:20:00 **** Incremental Build of configuration Debug for project DAC_SQUARE ****
make -j4 all 
arm-none-eabi-size  DAC_SQUARE.elf 
   text	   data	    bss	    dec	    hex	filename
   6884	     12	   1596	   8492	   212c	DAC_SQUARE.elf
Finished building: default.size.stdout
 
12:20:04 **** Incremental Build of configuration Debug for project LED_timer ****
make -j4 all 
arm-none-eabi-size  LED_timer.elf 
   text	   data	    bss	    dec	    hex	filename
   8824	     12	   1716	  10552	   2938	LED_timer.elf
Finished building: default.size.stdout
 
12:20:05 **** Incremental Build of configuration Debug for project PWM ****
make -j4 all 
arm-none-eabi-size  PWM.elf 
   text	   data	    bss	    dec	    hex	filename
   9744	     12	   1644	  11400	   2c88	PWM.elf
Finished building: default.size.stdout
 
12:20:07 **** Incremental Build of configuration Debug for project UART ****
make -j4 all 
arm-none-eabi-size  UART.elf 
   text	   data	    bss	    dec	    hex	filename
  13144	    104	   1976	  15224	   3b78	UART.elf
Finished building: default.size.stdout
 
12:20:09 **** Incremental Build of configuration Debug for project UART_RECIVIER ****
make -j4 all 
arm-none-eabi-size  UART_RECIVIER.elf 
   text	   data	    bss	    dec	    hex	filename
   8896	     12	   1644	  10552	   2938	UART_RECIVIER.elf
Finished building: default.size.stdout
 
12:20:10 **** Incremental Build of configuration Debug for project UATR_4LED_RECEVER ****
make -j4 all 
arm-none-eabi-size  UATR_4LED_RECEVER.elf 
   text	   data	    bss	    dec	    hex	filename
   8988	     12	   1644	  10644	   2994	UATR_4LED_RECEVER.elf
Finished building: default.size.stdout
 
12:20:12 **** Incremental Build of configuration Debug for project WDT_1 ****
make -j4 all 
arm-none-eabi-size  WDT_1.elf 
   text	   data	    bss	    dec	    hex	filename
   6372	     12	   1580	   7964	   1f1c	WDT_1.elf
Finished building: default.size.stdout
 
12:20:14 **** Incremental Build of configuration Debug for project bit_intrupt ****
make -j4 all 
arm-none-eabi-size  bit_intrupt.elf 
   text	   data	    bss	    dec	    hex	filename
   6180	     12	   1572	   7764	   1e54	bit_intrupt.elf
Finished building: default.size.stdout
 
12:20:16 **** Incremental Build of configuration Debug for project bit_led ****
make -j4 all 
arm-none-eabi-gcc "../Core/Src/main.c" -mcpu=cortex-m4 -std=gnu11 -g3 -DDEBUG -DUSE_HAL_DRIVER -DSTM32F407xx -c -I../Core/Inc -I../Drivers/STM32F4xx_HAL_Driver/Inc -I../Drivers/STM32F4xx_HAL_Driver/Inc/Legacy -I../Drivers/CMSIS/Device/ST/STM32F4xx/Include -I../Drivers/CMSIS/Include -O0 -ffunction-sections -fdata-sections -Wall -fstack-usage -fcyclomatic-complexity -MMD -MP -MF"Core/Src/main.d" -MT"Core/Src/main.o" --specs=nano.specs -mfpu=fpv4-sp-d16 -mfloat-abi=hard -mthumb -o "Core/Src/main.o"
../Core/Src/main.c: In function 'main':
../Core/Src/main.c:184:13: error: invalid storage class for function 'MX_GPIO_Init'
  184 | static void MX_GPIO_Init(void)
      |             ^~~~~~~~~~~~
../Core/Src/main.c:233:1: error: expected declaration or statement at end of input
  233 | }
      | ^
../Core/Src/main.c: At top level:
../Core/Src/main.c:50:13: warning: 'MX_GPIO_Init' used but never defined
   50 | static void MX_GPIO_Init(void);
      |             ^~~~~~~~~~~~
../Core/Src/main.c:224:6: warning: 'Error_Handler' defined but not used [-Wunused-function]
  224 | void Error_Handler(void)
      |      ^~~~~~~~~~~~~
../Core/Src/main.c:184:13: warning: 'MX_GPIO_Init' defined but not used [-Wunused-function]
  184 | static void MX_GPIO_Init(void)
      |             ^~~~~~~~~~~~
../Core/Src/main.c:142:6: warning: 'SystemClock_Config' defined but not used [-Wunused-function]
  142 | void SystemClock_Config(void)
      |      ^~~~~~~~~~~~~~~~~~
make: *** [Core/Src/subdir.mk:34: Core/Src/main.o] Error 1
"make -j4 all" terminated with exit code 2. Build might be incomplete.
12:20:18 **** Build of configuration Debug for project counters ****
make -j4 all 
arm-none-eabi-gcc "../Drivers/STM32F4xx_HAL_Driver/Src/stm32f4xx_hal.c" -mcpu=cortex-m4 -std=gnu11 -g3 -DDEBUG -DUSE_HAL_DRIVER -DSTM32F407xx -c -I../Core/Inc -I../Drivers/STM32F4xx_HAL_Driver/Inc -I../Drivers/STM32F4xx_HAL_Driver/Inc/Legacy -I../Drivers/CMSIS/Device/ST/STM32F4xx/Include -I../Drivers/CMSIS/Include -O0 -ffunction-sections -fdata-sections -Wall -fstack-usage -fcyclomatic-complexity -MMD -MP -MF"Drivers/STM32F4xx_HAL_Driver/Src/stm32f4xx_hal.d" -MT"Drivers/STM32F4xx_HAL_Driver/Src/stm32f4xx_hal.o" --specs=nano.specs -mfpu=fpv4-sp-d16 -mfloat-abi=hard -mthumb -o "Drivers/STM32F4xx_HAL_Driver/Src/stm32f4xx_hal.o"
arm-none-eabi-gcc "../Drivers/STM32F4xx_HAL_Driver/Src/stm32f4xx_hal_cortex.c" -mcpu=cortex-m4 -std=gnu11 -g3 -DDEBUG -DUSE_HAL_DRIVER -DSTM32F407xx -c -I../Core/Inc -I../Drivers/STM32F4xx_HAL_Driver/Inc -I../Drivers/STM32F4xx_HAL_Driver/Inc/Legacy -I../Drivers/CMSIS/Device/ST/STM32F4xx/Include -I../Drivers/CMSIS/Include -O0 -ffunction-sections -fdata-sections -Wall -fstack-usage -fcyclomatic-complexity -MMD -MP -MF"Drivers/STM32F4xx_HAL_Driver/Src/stm32f4xx_hal_cortex.d" -MT"Drivers/STM32F4xx_HAL_Driver/Src/stm32f4xx_hal_cortex.o" --specs=nano.specs -mfpu=fpv4-sp-d16 -mfloat-abi=hard -mthumb -o "Drivers/STM32F4xx_HAL_Driver/Src/stm32f4xx_hal_cortex.o"
arm-none-eabi-gcc "../Drivers/STM32F4xx_HAL_Driver/Src/stm32f4xx_hal_dma.c" -mcpu=cortex-m4 -std=gnu11 -g3 -DDEBUG -DUSE_HAL_DRIVER -DSTM32F407xx -c -I../Core/Inc -I../Drivers/STM32F4xx_HAL_Driver/Inc -I../Drivers/STM32F4xx_HAL_Driver/Inc/Legacy -I../Drivers/CMSIS/Device/ST/STM32F4xx/Include -I../Drivers/CMSIS/Include -O0 -ffunction-sections -fdata-sections -Wall -fstack-usage -fcyclomatic-complexity -MMD -MP -MF"Drivers/STM32F4xx_HAL_Driver/Src/stm32f4xx_hal_dma.d" -MT"Drivers/STM32F4xx_HAL_Driver/Src/stm32f4xx_hal_dma.o" --specs=nano.specs -mfpu=fpv4-sp-d16 -mfloat-abi=hard -mthumb -o "Drivers/STM32F4xx_HAL_Driver/Src/stm32f4xx_hal_dma.o"
arm-none-eabi-gcc "../Drivers/STM32F4xx_HAL_Driver/Src/stm32f4xx_hal_dma_ex.c" -mcpu=cortex-m4 -std=gnu11 -g3 -DDEBUG -DUSE_HAL_DRIVER -DSTM32F407xx -c -I../Core/Inc -I../Drivers/STM32F4xx_HAL_Driver/Inc -I../Drivers/STM32F4xx_HAL_Driver/Inc/Legacy -I../Drivers/CMSIS/Device/ST/STM32F4xx/Include -I../Drivers/CMSIS/Include -O0 -ffunction-sections -fdata-sections -Wall -fstack-usage -fcyclomatic-complexity -MMD -MP -MF"Drivers/STM32F4xx_HAL_Driver/Src/stm32f4xx_hal_dma_ex.d" -MT"Drivers/STM32F4xx_HAL_Driver/Src/stm32f4xx_hal_dma_ex.o" --specs=nano.specs -mfpu=fpv4-sp-d16 -mfloat-abi=hard -mthumb -o "Drivers/STM32F4xx_HAL_Driver/Src/stm32f4xx_hal_dma_ex.o"
arm-none-eabi-gcc "../Drivers/STM32F4xx_HAL_Driver/Src/stm32f4xx_hal_exti.c" -mcpu=cortex-m4 -std=gnu11 -g3 -DDEBUG -DUSE_HAL_DRIVER -DSTM32F407xx -c -I../Core/Inc -I../Drivers/STM32F4xx_HAL_Driver/Inc -I../Drivers/STM32F4xx_HAL_Driver/Inc/Legacy -I../Drivers/CMSIS/Device/ST/STM32F4xx/Include -I../Drivers/CMSIS/Include -O0 -ffunction-sections -fdata-sections -Wall -fstack-usage -fcyclomatic-complexity -MMD -MP -MF"Drivers/STM32F4xx_HAL_Driver/Src/stm32f4xx_hal_exti.d" -MT"Drivers/STM32F4xx_HAL_Driver/Src/stm32f4xx_hal_exti.o" --specs=nano.specs -mfpu=fpv4-sp-d16 -mfloat-abi=hard -mthumb -o "Drivers/STM32F4xx_HAL_Driver/Src/stm32f4xx_hal_exti.o"
arm-none-eabi-gcc "../Drivers/STM32F4xx_HAL_Driver/Src/stm32f4xx_hal_flash.c" -mcpu=cortex-m4 -std=gnu11 -g3 -DDEBUG -DUSE_HAL_DRIVER -DSTM32F407xx -c -I../Core/Inc -I../Drivers/STM32F4xx_HAL_Driver/Inc -I../Drivers/STM32F4xx_HAL_Driver/Inc/Legacy -I../Drivers/CMSIS/Device/ST/STM32F4xx/Include -I../Drivers/CMSIS/Include -O0 -ffunction-sections -fdata-sections -Wall -fstack-usage -fcyclomatic-complexity -MMD -MP -MF"Drivers/STM32F4xx_HAL_Driver/Src/stm32f4xx_hal_flash.d" -MT"Drivers/STM32F4xx_HAL_Driver/Src/stm32f4xx_hal_flash.o" --specs=nano.specs -mfpu=fpv4-sp-d16 -mfloat-abi=hard -mthumb -o "Drivers/STM32F4xx_HAL_Driver/Src/stm32f4xx_hal_flash.o"
arm-none-eabi-gcc "../Drivers/STM32F4xx_HAL_Driver/Src/stm32f4xx_hal_flash_ex.c" -mcpu=cortex-m4 -std=gnu11 -g3 -DDEBUG -DUSE_HAL_DRIVER -DSTM32F407xx -c -I../Core/Inc -I../Drivers/STM32F4xx_HAL_Driver/Inc -I../Drivers/STM32F4xx_HAL_Driver/Inc/Legacy -I../Drivers/CMSIS/Device/ST/STM32F4xx/Include -I../Drivers/CMSIS/Include -O0 -ffunction-sections -fdata-sections -Wall -fstack-usage -fcyclomatic-complexity -MMD -MP -MF"Drivers/STM32F4xx_HAL_Driver/Src/stm32f4xx_hal_flash_ex.d" -MT"Drivers/STM32F4xx_HAL_Driver/Src/stm32f4xx_hal_flash_ex.o" --specs=nano.specs -mfpu=fpv4-sp-d16 -mfloat-abi=hard -mthumb -o "Drivers/STM32F4xx_HAL_Driver/Src/stm32f4xx_hal_flash_ex.o"
arm-none-eabi-gcc "../Drivers/STM32F4xx_HAL_Driver/Src/stm32f4xx_hal_flash_ramfunc.c" -mcpu=cortex-m4 -std=gnu11 -g3 -DDEBUG -DUSE_HAL_DRIVER -DSTM32F407xx -c -I../Core/Inc -I../Drivers/STM32F4xx_HAL_Driver/Inc -I../Drivers/STM32F4xx_HAL_Driver/Inc/Legacy -I../Drivers/CMSIS/Device/ST/STM32F4xx/Include -I../Drivers/CMSIS/Include -O0 -ffunction-sections -fdata-sections -Wall -fstack-usage -fcyclomatic-complexity -MMD -MP -MF"Drivers/STM32F4xx_HAL_Driver/Src/stm32f4xx_hal_flash_ramfunc.d" -MT"Drivers/STM32F4xx_HAL_Driver/Src/stm32f4xx_hal_flash_ramfunc.o" --specs=nano.specs -mfpu=fpv4-sp-d16 -mfloat-abi=hard -mthumb -o "Drivers/STM32F4xx_HAL_Driver/Src/stm32f4xx_hal_flash_ramfunc.o"
arm-none-eabi-gcc "../Drivers/STM32F4xx_HAL_Driver/Src/stm32f4xx_hal_gpio.c" -mcpu=cortex-m4 -std=gnu11 -g3 -DDEBUG -DUSE_HAL_DRIVER -DSTM32F407xx -c -I../Core/Inc -I../Drivers/STM32F4xx_HAL_Driver/Inc -I../Drivers/STM32F4xx_HAL_Driver/Inc/Legacy -I../Drivers/CMSIS/Device/ST/STM32F4xx/Include -I../Drivers/CMSIS/Include -O0 -ffunction-sections -fdata-sections -Wall -fstack-usage -fcyclomatic-complexity -MMD -MP -MF"Drivers/STM32F4xx_HAL_Driver/Src/stm32f4xx_hal_gpio.d" -MT"Drivers/STM32F4xx_HAL_Driver/Src/stm32f4xx_hal_gpio.o" --specs=nano.specs -mfpu=fpv4-sp-d16 -mfloat-abi=hard -mthumb -o "Drivers/STM32F4xx_HAL_Driver/Src/stm32f4xx_hal_gpio.o"
arm-none-eabi-gcc "../Drivers/STM32F4xx_HAL_Driver/Src/stm32f4xx_hal_pwr.c" -mcpu=cortex-m4 -std=gnu11 -g3 -DDEBUG -DUSE_HAL_DRIVER -DSTM32F407xx -c -I../Core/Inc -I../Drivers/STM32F4xx_HAL_Driver/Inc -I../Drivers/STM32F4xx_HAL_Driver/Inc/Legacy -I../Drivers/CMSIS/Device/ST/STM32F4xx/Include -I../Drivers/CMSIS/Include -O0 -ffunction-sections -fdata-sections -Wall -fstack-usage -fcyclomatic-complexity -MMD -MP -MF"Drivers/STM32F4xx_HAL_Driver/Src/stm32f4xx_hal_pwr.d" -MT"Drivers/STM32F4xx_HAL_Driver/Src/stm32f4xx_hal_pwr.o" --specs=nano.specs -mfpu=fpv4-sp-d16 -mfloat-abi=hard -mthumb -o "Drivers/STM32F4xx_HAL_Driver/Src/stm32f4xx_hal_pwr.o"
arm-none-eabi-gcc "../Drivers/STM32F4xx_HAL_Driver/Src/stm32f4xx_hal_pwr_ex.c" -mcpu=cortex-m4 -std=gnu11 -g3 -DDEBUG -DUSE_HAL_DRIVER -DSTM32F407xx -c -I../Core/Inc -I../Drivers/STM32F4xx_HAL_Driver/Inc -I../Drivers/STM32F4xx_HAL_Driver/Inc/Legacy -I../Drivers/CMSIS/Device/ST/STM32F4xx/Include -I../Drivers/CMSIS/Include -O0 -ffunction-sections -fdata-sections -Wall -fstack-usage -fcyclomatic-complexity -MMD -MP -MF"Drivers/STM32F4xx_HAL_Driver/Src/stm32f4xx_hal_pwr_ex.d" -MT"Drivers/STM32F4xx_HAL_Driver/Src/stm32f4xx_hal_pwr_ex.o" --specs=nano.specs -mfpu=fpv4-sp-d16 -mfloat-abi=hard -mthumb -o "Drivers/STM32F4xx_HAL_Driver/Src/stm32f4xx_hal_pwr_ex.o"
arm-none-eabi-gcc "../Drivers/STM32F4xx_HAL_Driver/Src/stm32f4xx_hal_rcc.c" -mcpu=cortex-m4 -std=gnu11 -g3 -DDEBUG -DUSE_HAL_DRIVER -DSTM32F407xx -c -I../Core/Inc -I../Drivers/STM32F4xx_HAL_Driver/Inc -I../Drivers/STM32F4xx_HAL_Driver/Inc/Legacy -I../Drivers/CMSIS/Device/ST/STM32F4xx/Include -I../Drivers/CMSIS/Include -O0 -ffunction-sections -fdata-sections -Wall -fstack-usage -fcyclomatic-complexity -MMD -MP -MF"Drivers/STM32F4xx_HAL_Driver/Src/stm32f4xx_hal_rcc.d" -MT"Drivers/STM32F4xx_HAL_Driver/Src/stm32f4xx_hal_rcc.o" --specs=nano.specs -mfpu=fpv4-sp-d16 -mfloat-abi=hard -mthumb -o "Drivers/STM32F4xx_HAL_Driver/Src/stm32f4xx_hal_rcc.o"
arm-none-eabi-gcc "../Drivers/STM32F4xx_HAL_Driver/Src/stm32f4xx_hal_rcc_ex.c" -mcpu=cortex-m4 -std=gnu11 -g3 -DDEBUG -DUSE_HAL_DRIVER -DSTM32F407xx -c -I../Core/Inc -I../Drivers/STM32F4xx_HAL_Driver/Inc -I../Drivers/STM32F4xx_HAL_Driver/Inc/Legacy -I../Drivers/CMSIS/Device/ST/STM32F4xx/Include -I../Drivers/CMSIS/Include -O0 -ffunction-sections -fdata-sections -Wall -fstack-usage -fcyclomatic-complexity -MMD -MP -MF"Drivers/STM32F4xx_HAL_Driver/Src/stm32f4xx_hal_rcc_ex.d" -MT"Drivers/STM32F4xx_HAL_Driver/Src/stm32f4xx_hal_rcc_ex.o" --specs=nano.specs -mfpu=fpv4-sp-d16 -mfloat-abi=hard -mthumb -o "Drivers/STM32F4xx_HAL_Driver/Src/stm32f4xx_hal_rcc_ex.o"
arm-none-eabi-gcc "../Drivers/STM32F4xx_HAL_Driver/Src/stm32f4xx_hal_tim.c" -mcpu=cortex-m4 -std=gnu11 -g3 -DDEBUG -DUSE_HAL_DRIVER -DSTM32F407xx -c -I../Core/Inc -I../Drivers/STM32F4xx_HAL_Driver/Inc -I../Drivers/STM32F4xx_HAL_Driver/Inc/Legacy -I../Drivers/CMSIS/Device/ST/STM32F4xx/Include -I../Drivers/CMSIS/Include -O0 -ffunction-sections -fdata-sections -Wall -fstack-usage -fcyclomatic-complexity -MMD -MP -MF"Drivers/STM32F4xx_HAL_Driver/Src/stm32f4xx_hal_tim.d" -MT"Drivers/STM32F4xx_HAL_Driver/Src/stm32f4xx_hal_tim.o" --specs=nano.specs -mfpu=fpv4-sp-d16 -mfloat-abi=hard -mthumb -o "Drivers/STM32F4xx_HAL_Driver/Src/stm32f4xx_hal_tim.o"
arm-none-eabi-gcc "../Drivers/STM32F4xx_HAL_Driver/Src/stm32f4xx_hal_tim_ex.c" -mcpu=cortex-m4 -std=gnu11 -g3 -DDEBUG -DUSE_HAL_DRIVER -DSTM32F407xx -c -I../Core/Inc -I../Drivers/STM32F4xx_HAL_Driver/Inc -I../Drivers/STM32F4xx_HAL_Driver/Inc/Legacy -I../Drivers/CMSIS/Device/ST/STM32F4xx/Include -I../Drivers/CMSIS/Include -O0 -ffunction-sections -fdata-sections -Wall -fstack-usage -fcyclomatic-complexity -MMD -MP -MF"Drivers/STM32F4xx_HAL_Driver/Src/stm32f4xx_hal_tim_ex.d" -MT"Drivers/STM32F4xx_HAL_Driver/Src/stm32f4xx_hal_tim_ex.o" --specs=nano.specs -mfpu=fpv4-sp-d16 -mfloat-abi=hard -mthumb -o "Drivers/STM32F4xx_HAL_Driver/Src/stm32f4xx_hal_tim_ex.o"
arm-none-eabi-gcc "../Drivers/STM32F4xx_HAL_Driver/Src/stm32f4xx_hal_uart.c" -mcpu=cortex-m4 -std=gnu11 -g3 -DDEBUG -DUSE_HAL_DRIVER -DSTM32F407xx -c -I../Core/Inc -I../Drivers/STM32F4xx_HAL_Driver/Inc -I../Drivers/STM32F4xx_HAL_Driver/Inc/Legacy -I../Drivers/CMSIS/Device/ST/STM32F4xx/Include -I../Drivers/CMSIS/Include -O0 -ffunction-sections -fdata-sections -Wall -fstack-usage -fcyclomatic-complexity -MMD -MP -MF"Drivers/STM32F4xx_HAL_Driver/Src/stm32f4xx_hal_uart.d" -MT"Drivers/STM32F4xx_HAL_Driver/Src/stm32f4xx_hal_uart.o" --specs=nano.specs -mfpu=fpv4-sp-d16 -mfloat-abi=hard -mthumb -o "Drivers/STM32F4xx_HAL_Driver/Src/stm32f4xx_hal_uart.o"
arm-none-eabi-gcc -mcpu=cortex-m4 -g3 -DDEBUG -c -x assembler-with-cpp -MMD -MP -MF"Core/Startup/startup_stm32f407vgtx.d" -MT"Core/Startup/startup_stm32f407vgtx.o" --specs=nano.specs -mfpu=fpv4-sp-d16 -mfloat-abi=hard -mthumb -o "Core/Startup/startup_stm32f407vgtx.o" "../Core/Startup/startup_stm32f407vgtx.s"
arm-none-eabi-gcc "../Core/Src/main.c" -mcpu=cortex-m4 -std=gnu11 -g3 -DDEBUG -DUSE_HAL_DRIVER -DSTM32F407xx -c -I../Core/Inc -I../Drivers/STM32F4xx_HAL_Driver/Inc -I../Drivers/STM32F4xx_HAL_Driver/Inc/Legacy -I../Drivers/CMSIS/Device/ST/STM32F4xx/Include -I../Drivers/CMSIS/Include -O0 -ffunction-sections -fdata-sections -Wall -fstack-usage -fcyclomatic-complexity -MMD -MP -MF"Core/Src/main.d" -MT"Core/Src/main.o" --specs=nano.specs -mfpu=fpv4-sp-d16 -mfloat-abi=hard -mthumb -o "Core/Src/main.o"
arm-none-eabi-gcc "../Core/Src/stm32f4xx_hal_msp.c" -mcpu=cortex-m4 -std=gnu11 -g3 -DDEBUG -DUSE_HAL_DRIVER -DSTM32F407xx -c -I../Core/Inc -I../Drivers/STM32F4xx_HAL_Driver/Inc -I../Drivers/STM32F4xx_HAL_Driver/Inc/Legacy -I../Drivers/CMSIS/Device/ST/STM32F4xx/Include -I../Drivers/CMSIS/Include -O0 -ffunction-sections -fdata-sections -Wall -fstack-usage -fcyclomatic-complexity -MMD -MP -MF"Core/Src/stm32f4xx_hal_msp.d" -MT"Core/Src/stm32f4xx_hal_msp.o" --specs=nano.specs -mfpu=fpv4-sp-d16 -mfloat-abi=hard -mthumb -o "Core/Src/stm32f4xx_hal_msp.o"
arm-none-eabi-gcc "../Core/Src/stm32f4xx_it.c" -mcpu=cortex-m4 -std=gnu11 -g3 -DDEBUG -DUSE_HAL_DRIVER -DSTM32F407xx -c -I../Core/Inc -I../Drivers/STM32F4xx_HAL_Driver/Inc -I../Drivers/STM32F4xx_HAL_Driver/Inc/Legacy -I../Drivers/CMSIS/Device/ST/STM32F4xx/Include -I../Drivers/CMSIS/Include -O0 -ffunction-sections -fdata-sections -Wall -fstack-usage -fcyclomatic-complexity -MMD -MP -MF"Core/Src/stm32f4xx_it.d" -MT"Core/Src/stm32f4xx_it.o" --specs=nano.specs -mfpu=fpv4-sp-d16 -mfloat-abi=hard -mthumb -o "Core/Src/stm32f4xx_it.o"
arm-none-eabi-gcc "../Core/Src/syscalls.c" -mcpu=cortex-m4 -std=gnu11 -g3 -DDEBUG -DUSE_HAL_DRIVER -DSTM32F407xx -c -I../Core/Inc -I../Drivers/STM32F4xx_HAL_Driver/Inc -I../Drivers/STM32F4xx_HAL_Driver/Inc/Legacy -I../Drivers/CMSIS/Device/ST/STM32F4xx/Include -I../Drivers/CMSIS/Include -O0 -ffunction-sections -fdata-sections -Wall -fstack-usage -fcyclomatic-complexity -MMD -MP -MF"Core/Src/syscalls.d" -MT"Core/Src/syscalls.o" --specs=nano.specs -mfpu=fpv4-sp-d16 -mfloat-abi=hard -mthumb -o "Core/Src/syscalls.o"
arm-none-eabi-gcc "../Core/Src/sysmem.c" -mcpu=cortex-m4 -std=gnu11 -g3 -DDEBUG -DUSE_HAL_DRIVER -DSTM32F407xx -c -I../Core/Inc -I../Drivers/STM32F4xx_HAL_Driver/Inc -I../Drivers/STM32F4xx_HAL_Driver/Inc/Legacy -I../Drivers/CMSIS/Device/ST/STM32F4xx/Include -I../Drivers/CMSIS/Include -O0 -ffunction-sections -fdata-sections -Wall -fstack-usage -fcyclomatic-complexity -MMD -MP -MF"Core/Src/sysmem.d" -MT"Core/Src/sysmem.o" --specs=nano.specs -mfpu=fpv4-sp-d16 -mfloat-abi=hard -mthumb -o "Core/Src/sysmem.o"
arm-none-eabi-gcc "../Core/Src/system_stm32f4xx.c" -mcpu=cortex-m4 -std=gnu11 -g3 -DDEBUG -DUSE_HAL_DRIVER -DSTM32F407xx -c -I../Core/Inc -I../Drivers/STM32F4xx_HAL_Driver/Inc -I../Drivers/STM32F4xx_HAL_Driver/Inc/Legacy -I../Drivers/CMSIS/Device/ST/STM32F4xx/Include -I../Drivers/CMSIS/Include -O0 -ffunction-sections -fdata-sections -Wall -fstack-usage -fcyclomatic-complexity -MMD -MP -MF"Core/Src/system_stm32f4xx.d" -MT"Core/Src/system_stm32f4xx.o" --specs=nano.specs -mfpu=fpv4-sp-d16 -mfloat-abi=hard -mthumb -o "Core/Src/system_stm32f4xx.o"
arm-none-eabi-gcc -o "counters.elf" @"objects.list"   -mcpu=cortex-m4 -T"C:\Users\My PC\STM32CubeIDE\workspace_1.18.1\counters\STM32F407VGTX_FLASH.ld" --specs=nosys.specs -Wl,-Map="counters.map" -Wl,--gc-sections -static --specs=nano.specs -mfpu=fpv4-sp-d16 -mfloat-abi=hard -mthumb -Wl,--start-group -lc -lm -Wl,--end-group
Finished building target: counters.elf
 
arm-none-eabi-size  counters.elf 
arm-none-eabi-objdump -h -S counters.elf  > "counters.list"
   text	   data	    bss	    dec	    hex	filename
  13732	    132	   2044	  15908	   3e24	counters.elf
Finished building: default.size.stdout
 
Finished building: counters.list
 
12:20:30 **** Incremental Build of configuration Debug for project laser ****
make -j4 all 
arm-none-eabi-size  laser.elf 
   text	   data	    bss	    dec	    hex	filename
   6084	     12	   1572	   7668	   1df4	laser.elf
Finished building: default.size.stdout
 
12:20:32 **** Incremental Build of configuration Debug for project led_blink ****
make -j4 all 
arm-none-eabi-size  led_blink.elf 
   text	   data	    bss	    dec	    hex	filename
   6068	     12	   1572	   7652	   1de4	led_blink.elf
Finished building: default.size.stdout
 
12:20:33 **** Incremental Build of configuration Debug for project printf_swv ****
make -j4 all 
arm-none-eabi-size  printf_swv.elf 
   text	   data	    bss	    dec	    hex	filename
   9288	    104	   1912	  11304	   2c28	printf_swv.elf
Finished building: default.size.stdout
 
12:22:47 **** Incremental Build of configuration Debug for project counters ****
make -j4 all 
arm-none-eabi-size  counters.elf 
   text	   data	    bss	    dec	    hex	filename
  13732	    132	   2044	  15908	   3e24	counters.elf
Finished building: default.size.stdout
 
12:50:07 **** Incremental Build of configuration Debug for project DAC_SQUARE ****
make -j4 all 
arm-none-eabi-size  DAC_SQUARE.elf 
   text	   data	    bss	    dec	    hex	filename
   6884	     12	   1596	   8492	   212c	DAC_SQUARE.elf
Finished building: default.size.stdout
 
12:50:09 **** Incremental Build of configuration Debug for project LED_timer ****
make -j4 all 
arm-none-eabi-size  LED_timer.elf 
   text	   data	    bss	    dec	    hex	filename
   8824	     12	   1716	  10552	   2938	LED_timer.elf
Finished building: default.size.stdout
 
12:50:11 **** Incremental Build of configuration Debug for project PWM ****
make -j4 all 
arm-none-eabi-size  PWM.elf 
   text	   data	    bss	    dec	    hex	filename
   9744	     12	   1644	  11400	   2c88	PWM.elf
Finished building: default.size.stdout
 
12:50:12 **** Incremental Build of configuration Debug for project UART ****
make -j4 all 
arm-none-eabi-size  UART.elf 
   text	   data	    bss	    dec	    hex	filename
  13144	    104	   1976	  15224	   3b78	UART.elf
Finished building: default.size.stdout
 
12:50:13 **** Incremental Build of configuration Debug for project UART_RECIVIER ****
make -j4 all 
arm-none-eabi-size  UART_RECIVIER.elf 
   text	   data	    bss	    dec	    hex	filename
   8896	     12	   1644	  10552	   2938	UART_RECIVIER.elf
Finished building: default.size.stdout
 
12:50:15 **** Incremental Build of configuration Debug for project UATR_4LED_RECEVER ****
make -j4 all 
arm-none-eabi-size  UATR_4LED_RECEVER.elf 
   text	   data	    bss	    dec	    hex	filename
   8988	     12	   1644	  10644	   2994	UATR_4LED_RECEVER.elf
Finished building: default.size.stdout
 
12:50:16 **** Incremental Build of configuration Debug for project WDT_1 ****
make -j4 all 
arm-none-eabi-size  WDT_1.elf 
   text	   data	    bss	    dec	    hex	filename
   6372	     12	   1580	   7964	   1f1c	WDT_1.elf
Finished building: default.size.stdout
 
12:50:17 **** Incremental Build of configuration Debug for project bit_intrupt ****
make -j4 all 
arm-none-eabi-size  bit_intrupt.elf 
   text	   data	    bss	    dec	    hex	filename
   6180	     12	   1572	   7764	   1e54	bit_intrupt.elf
Finished building: default.size.stdout
 
12:50:18 **** Incremental Build of configuration Debug for project bit_led ****
make -j4 all 
arm-none-eabi-gcc "../Core/Src/main.c" -mcpu=cortex-m4 -std=gnu11 -g3 -DDEBUG -DUSE_HAL_DRIVER -DSTM32F407xx -c -I../Core/Inc -I../Drivers/STM32F4xx_HAL_Driver/Inc -I../Drivers/STM32F4xx_HAL_Driver/Inc/Legacy -I../Drivers/CMSIS/Device/ST/STM32F4xx/Include -I../Drivers/CMSIS/Include -O0 -ffunction-sections -fdata-sections -Wall -fstack-usage -fcyclomatic-complexity -MMD -MP -MF"Core/Src/main.d" -MT"Core/Src/main.o" --specs=nano.specs -mfpu=fpv4-sp-d16 -mfloat-abi=hard -mthumb -o "Core/Src/main.o"
../Core/Src/main.c: In function 'main':
../Core/Src/main.c:184:13: error: invalid storage class for function 'MX_GPIO_Init'
  184 | static void MX_GPIO_Init(void)
      |             ^~~~~~~~~~~~
../Core/Src/main.c:233:1: error: expected declaration or statement at end of input
  233 | }
      | ^
../Core/Src/main.c: At top level:
../Core/Src/main.c:50:13: warning: 'MX_GPIO_Init' used but never defined
   50 | static void MX_GPIO_Init(void);
      |             ^~~~~~~~~~~~
../Core/Src/main.c:224:6: warning: 'Error_Handler' defined but not used [-Wunused-function]
  224 | void Error_Handler(void)
      |      ^~~~~~~~~~~~~
../Core/Src/main.c:184:13: warning: 'MX_GPIO_Init' defined but not used [-Wunused-function]
  184 | static void MX_GPIO_Init(void)
      |             ^~~~~~~~~~~~
../Core/Src/main.c:142:6: warning: 'SystemClock_Config' defined but not used [-Wunused-function]
  142 | void SystemClock_Config(void)
      |      ^~~~~~~~~~~~~~~~~~
make: *** [Core/Src/subdir.mk:34: Core/Src/main.o] Error 1
"make -j4 all" terminated with exit code 2. Build might be incomplete.
12:50:20 **** Incremental Build of configuration Debug for project counters ****
make -j4 all 
arm-none-eabi-gcc "../Core/Src/main.c" -mcpu=cortex-m4 -std=gnu11 -g3 -DDEBUG -DUSE_HAL_DRIVER -DSTM32F407xx -c -I../Core/Inc -I../Drivers/STM32F4xx_HAL_Driver/Inc -I../Drivers/STM32F4xx_HAL_Driver/Inc/Legacy -I../Drivers/CMSIS/Device/ST/STM32F4xx/Include -I../Drivers/CMSIS/Include -O0 -ffunction-sections -fdata-sections -Wall -fstack-usage -fcyclomatic-complexity -MMD -MP -MF"Core/Src/main.d" -MT"Core/Src/main.o" --specs=nano.specs -mfpu=fpv4-sp-d16 -mfloat-abi=hard -mthumb -o "Core/Src/main.o"
../Core/Src/main.c: In function 'HAL_TIM_PeriodElapsedCallback':
../Core/Src/main.c:65:55: warning: implicit declaration of function 'strlen' [-Wimplicit-function-declaration]
   65 |         HAL_UART_Transmit(&huart2, (uint8_t*)END_MSG, strlen(END_MSG),100);
      |                                                       ^~~~~~
../Core/Src/main.c:21:1: note: include '<string.h>' or provide a declaration of 'strlen'
   20 | #include "main.h"
  +++ |+#include <string.h>
   21 | 
../Core/Src/main.c:65:55: warning: incompatible implicit declaration of built-in function 'strlen' [-Wbuiltin-declaration-mismatch]
   65 |         HAL_UART_Transmit(&huart2, (uint8_t*)END_MSG, strlen(END_MSG),100);
      |                                                       ^~~~~~
../Core/Src/main.c:65:55: note: include '<string.h>' or provide a declaration of 'strlen'
../Core/Src/main.c: In function 'main':
../Core/Src/main.c:115:7: warning: implicit declaration of function 'sprintf' [-Wimplicit-function-declaration]
  115 |       sprintf(MSG, "Freq = %lu Hz\r\n", freq);
      |       ^~~~~~~
../Core/Src/main.c:21:1: note: include '<stdio.h>' or provide a declaration of 'sprintf'
   20 | #include "main.h"
  +++ |+#include <stdio.h>
   21 | 
../Core/Src/main.c:115:7: warning: incompatible implicit declaration of built-in function 'sprintf' [-Wbuiltin-declaration-mismatch]
  115 |       sprintf(MSG, "Freq = %lu Hz\r\n", freq);
      |       ^~~~~~~
../Core/Src/main.c:115:7: note: include '<stdio.h>' or provide a declaration of 'sprintf'
../Core/Src/main.c:116:49: warning: incompatible implicit declaration of built-in function 'strlen' [-Wbuiltin-declaration-mismatch]
  116 |       HAL_UART_Transmit(&huart2, (uint8_t*)MSG, strlen(MSG), 100);
      |                                                 ^~~~~~
../Core/Src/main.c:116:49: note: include '<string.h>' or provide a declaration of 'strlen'
../Core/Src/main.c:168:13: error: invalid storage class for function 'MX_TIM2_Init'
  168 | static void MX_TIM2_Init(void)
      |             ^~~~~~~~~~~~
../Core/Src/main.c:216:13: error: invalid storage class for function 'MX_USART2_UART_Init'
  216 | static void MX_USART2_UART_Init(void)
      |             ^~~~~~~~~~~~~~~~~~~
../Core/Src/main.c:249:13: error: invalid storage class for function 'MX_GPIO_Init'
  249 | static void MX_GPIO_Init(void)
      |             ^~~~~~~~~~~~
../Core/Src/main.c:281:1: error: expected declaration or statement at end of input
  281 | }
      | ^
../Core/Src/main.c: At top level:
../Core/Src/main.c:53:13: warning: 'MX_GPIO_Init' used but never defined
   53 | static void MX_GPIO_Init(void);
      |             ^~~~~~~~~~~~
../Core/Src/main.c:54:13: warning: 'MX_TIM2_Init' used but never defined
   54 | static void MX_TIM2_Init(void);
      |             ^~~~~~~~~~~~
../Core/Src/main.c:55:13: warning: 'MX_USART2_UART_Init' used but never defined
   55 | static void MX_USART2_UART_Init(void);
      |             ^~~~~~~~~~~~~~~~~~~
../Core/Src/main.c:272:6: warning: 'Error_Handler' defined but not used [-Wunused-function]
  272 | void Error_Handler(void)
      |      ^~~~~~~~~~~~~
../Core/Src/main.c:249:13: warning: 'MX_GPIO_Init' defined but not used [-Wunused-function]
  249 | static void MX_GPIO_Init(void)
      |             ^~~~~~~~~~~~
../Core/Src/main.c:216:13: warning: 'MX_USART2_UART_Init' defined but not used [-Wunused-function]
  216 | static void MX_USART2_UART_Init(void)
      |             ^~~~~~~~~~~~~~~~~~~
../Core/Src/main.c:168:13: warning: 'MX_TIM2_Init' defined but not used [-Wunused-function]
  168 | static void MX_TIM2_Init(void)
      |             ^~~~~~~~~~~~
../Core/Src/main.c:122:6: warning: 'SystemClock_Config' defined but not used [-Wunused-function]
  122 | void SystemClock_Config(void)
      |      ^~~~~~~~~~~~~~~~~~
make: *** [Core/Src/subdir.mk:34: Core/Src/main.o] Error 1
"make -j4 all" terminated with exit code 2. Build might be incomplete.
12:50:23 **** Incremental Build of configuration Debug for project laser ****
make -j4 all 
arm-none-eabi-size  laser.elf 
   text	   data	    bss	    dec	    hex	filename
   6084	     12	   1572	   7668	   1df4	laser.elf
Finished building: default.size.stdout
 
12:50:24 **** Incremental Build of configuration Debug for project led_blink ****
make -j4 all 
arm-none-eabi-size  led_blink.elf 
   text	   data	    bss	    dec	    hex	filename
   6068	     12	   1572	   7652	   1de4	led_blink.elf
Finished building: default.size.stdout
 
12:50:25 **** Incremental Build of configuration Debug for project printf_swv ****
make -j4 all 
arm-none-eabi-size  printf_swv.elf 
   text	   data	    bss	    dec	    hex	filename
   9288	    104	   1912	  11304	   2c28	printf_swv.elf
Finished building: default.size.stdout
 
12:51:04 **** Incremental Build of configuration Debug for project DAC_SQUARE ****
make -j4 all 
arm-none-eabi-size  DAC_SQUARE.elf 
   text	   data	    bss	    dec	    hex	filename
   6884	     12	   1596	   8492	   212c	DAC_SQUARE.elf
Finished building: default.size.stdout
 
12:51:05 **** Incremental Build of configuration Debug for project LED_timer ****
make -j4 all 
arm-none-eabi-size  LED_timer.elf 
   text	   data	    bss	    dec	    hex	filename
   8824	     12	   1716	  10552	   2938	LED_timer.elf
Finished building: default.size.stdout
 
12:51:06 **** Incremental Build of configuration Debug for project PWM ****
make -j4 all 
arm-none-eabi-size  PWM.elf 
   text	   data	    bss	    dec	    hex	filename
   9744	     12	   1644	  11400	   2c88	PWM.elf
Finished building: default.size.stdout
 
12:51:07 **** Incremental Build of configuration Debug for project UART ****
make -j4 all 
arm-none-eabi-size  UART.elf 
   text	   data	    bss	    dec	    hex	filename
  13144	    104	   1976	  15224	   3b78	UART.elf
Finished building: default.size.stdout
 
12:51:08 **** Incremental Build of configuration Debug for project UART_RECIVIER ****
make -j4 all 
arm-none-eabi-size  UART_RECIVIER.elf 
   text	   data	    bss	    dec	    hex	filename
   8896	     12	   1644	  10552	   2938	UART_RECIVIER.elf
Finished building: default.size.stdout
 
12:51:09 **** Incremental Build of configuration Debug for project UATR_4LED_RECEVER ****
make -j4 all 
arm-none-eabi-size  UATR_4LED_RECEVER.elf 
   text	   data	    bss	    dec	    hex	filename
   8988	     12	   1644	  10644	   2994	UATR_4LED_RECEVER.elf
Finished building: default.size.stdout
 
12:51:10 **** Incremental Build of configuration Debug for project WDT_1 ****
make -j4 all 
arm-none-eabi-size  WDT_1.elf 
   text	   data	    bss	    dec	    hex	filename
   6372	     12	   1580	   7964	   1f1c	WDT_1.elf
Finished building: default.size.stdout
 
12:51:11 **** Incremental Build of configuration Debug for project bit_intrupt ****
make -j4 all 
arm-none-eabi-size  bit_intrupt.elf 
   text	   data	    bss	    dec	    hex	filename
   6180	     12	   1572	   7764	   1e54	bit_intrupt.elf
Finished building: default.size.stdout
 
12:51:12 **** Incremental Build of configuration Debug for project bit_led ****
make -j4 all 
arm-none-eabi-gcc "../Core/Src/main.c" -mcpu=cortex-m4 -std=gnu11 -g3 -DDEBUG -DUSE_HAL_DRIVER -DSTM32F407xx -c -I../Core/Inc -I../Drivers/STM32F4xx_HAL_Driver/Inc -I../Drivers/STM32F4xx_HAL_Driver/Inc/Legacy -I../Drivers/CMSIS/Device/ST/STM32F4xx/Include -I../Drivers/CMSIS/Include -O0 -ffunction-sections -fdata-sections -Wall -fstack-usage -fcyclomatic-complexity -MMD -MP -MF"Core/Src/main.d" -MT"Core/Src/main.o" --specs=nano.specs -mfpu=fpv4-sp-d16 -mfloat-abi=hard -mthumb -o "Core/Src/main.o"
../Core/Src/main.c: In function 'main':
../Core/Src/main.c:184:13: error: invalid storage class for function 'MX_GPIO_Init'
  184 | static void MX_GPIO_Init(void)
      |             ^~~~~~~~~~~~
../Core/Src/main.c:233:1: error: expected declaration or statement at end of input
  233 | }
      | ^
../Core/Src/main.c: At top level:
../Core/Src/main.c:50:13: warning: 'MX_GPIO_Init' used but never defined
   50 | static void MX_GPIO_Init(void);
      |             ^~~~~~~~~~~~
../Core/Src/main.c:224:6: warning: 'Error_Handler' defined but not used [-Wunused-function]
  224 | void Error_Handler(void)
      |      ^~~~~~~~~~~~~
../Core/Src/main.c:184:13: warning: 'MX_GPIO_Init' defined but not used [-Wunused-function]
  184 | static void MX_GPIO_Init(void)
      |             ^~~~~~~~~~~~
../Core/Src/main.c:142:6: warning: 'SystemClock_Config' defined but not used [-Wunused-function]
  142 | void SystemClock_Config(void)
      |      ^~~~~~~~~~~~~~~~~~
make: *** [Core/Src/subdir.mk:34: Core/Src/main.o] Error 1
"make -j4 all" terminated with exit code 2. Build might be incomplete.
12:51:13 **** Incremental Build of configuration Debug for project counters ****
make -j4 all 
arm-none-eabi-gcc "../Core/Src/main.c" -mcpu=cortex-m4 -std=gnu11 -g3 -DDEBUG -DUSE_HAL_DRIVER -DSTM32F407xx -c -I../Core/Inc -I../Drivers/STM32F4xx_HAL_Driver/Inc -I../Drivers/STM32F4xx_HAL_Driver/Inc/Legacy -I../Drivers/CMSIS/Device/ST/STM32F4xx/Include -I../Drivers/CMSIS/Include -O0 -ffunction-sections -fdata-sections -Wall -fstack-usage -fcyclomatic-complexity -MMD -MP -MF"Core/Src/main.d" -MT"Core/Src/main.o" --specs=nano.specs -mfpu=fpv4-sp-d16 -mfloat-abi=hard -mthumb -o "Core/Src/main.o"
../Core/Src/main.c: In function 'main':
../Core/Src/main.c:170:13: error: invalid storage class for function 'MX_TIM2_Init'
  170 | static void MX_TIM2_Init(void)
      |             ^~~~~~~~~~~~
../Core/Src/main.c:218:13: error: invalid storage class for function 'MX_USART2_UART_Init'
  218 | static void MX_USART2_UART_Init(void)
      |             ^~~~~~~~~~~~~~~~~~~
../Core/Src/main.c:251:13: error: invalid storage class for function 'MX_GPIO_Init'
  251 | static void MX_GPIO_Init(void)
      |             ^~~~~~~~~~~~
../Core/Src/main.c:283:1: error: expected declaration or statement at end of input
  283 | }
      | ^
../Core/Src/main.c: At top level:
../Core/Src/main.c:55:13: warning: 'MX_GPIO_Init' used but never defined
   55 | static void MX_GPIO_Init(void);
      |             ^~~~~~~~~~~~
../Core/Src/main.c:56:13: warning: 'MX_TIM2_Init' used but never defined
   56 | static void MX_TIM2_Init(void);
      |             ^~~~~~~~~~~~
../Core/Src/main.c:57:13: warning: 'MX_USART2_UART_Init' used but never defined
   57 | static void MX_USART2_UART_Init(void);
      |             ^~~~~~~~~~~~~~~~~~~
../Core/Src/main.c:274:6: warning: 'Error_Handler' defined but not used [-Wunused-function]
  274 | void Error_Handler(void)
      |      ^~~~~~~~~~~~~
../Core/Src/main.c:251:13: warning: 'MX_GPIO_Init' defined but not used [-Wunused-function]
  251 | static void MX_GPIO_Init(void)
      |             ^~~~~~~~~~~~
../Core/Src/main.c:218:13: warning: 'MX_USART2_UART_Init' defined but not used [-Wunused-function]
  218 | static void MX_USART2_UART_Init(void)
      |             ^~~~~~~~~~~~~~~~~~~
../Core/Src/main.c:170:13: warning: 'MX_TIM2_Init' defined but not used [-Wunused-function]
  170 | static void MX_TIM2_Init(void)
      |             ^~~~~~~~~~~~
../Core/Src/main.c:124:6: warning: 'SystemClock_Config' defined but not used [-Wunused-function]
  124 | void SystemClock_Config(void)
      |      ^~~~~~~~~~~~~~~~~~
make: *** [Core/Src/subdir.mk:34: Core/Src/main.o] Error 1
"make -j4 all" terminated with exit code 2. Build might be incomplete.
12:51:14 **** Incremental Build of configuration Debug for project laser ****
make -j4 all 
arm-none-eabi-size  laser.elf 
   text	   data	    bss	    dec	    hex	filename
   6084	     12	   1572	   7668	   1df4	laser.elf
Finished building: default.size.stdout
 
12:51:15 **** Incremental Build of configuration Debug for project led_blink ****
make -j4 all 
arm-none-eabi-size  led_blink.elf 
   text	   data	    bss	    dec	    hex	filename
   6068	     12	   1572	   7652	   1de4	led_blink.elf
Finished building: default.size.stdout
 
12:51:16 **** Incremental Build of configuration Debug for project printf_swv ****
make -j4 all 
arm-none-eabi-size  printf_swv.elf 
   text	   data	    bss	    dec	    hex	filename
   9288	    104	   1912	  11304	   2c28	printf_swv.elf
Finished building: default.size.stdout
 
12:51:31 **** Incremental Build of configuration Debug for project counters ****
make -j4 all 
arm-none-eabi-gcc "../Core/Src/main.c" -mcpu=cortex-m4 -std=gnu11 -g3 -DDEBUG -DUSE_HAL_DRIVER -DSTM32F407xx -c -I../Core/Inc -I../Drivers/STM32F4xx_HAL_Driver/Inc -I../Drivers/STM32F4xx_HAL_Driver/Inc/Legacy -I../Drivers/CMSIS/Device/ST/STM32F4xx/Include -I../Drivers/CMSIS/Include -O0 -ffunction-sections -fdata-sections -Wall -fstack-usage -fcyclomatic-complexity -MMD -MP -MF"Core/Src/main.d" -MT"Core/Src/main.o" --specs=nano.specs -mfpu=fpv4-sp-d16 -mfloat-abi=hard -mthumb -o "Core/Src/main.o"
../Core/Src/main.c: In function 'main':
../Core/Src/main.c:170:13: error: invalid storage class for function 'MX_TIM2_Init'
  170 | static void MX_TIM2_Init(void)
      |             ^~~~~~~~~~~~
../Core/Src/main.c:218:13: error: invalid storage class for function 'MX_USART2_UART_Init'
  218 | static void MX_USART2_UART_Init(void)
      |             ^~~~~~~~~~~~~~~~~~~
../Core/Src/main.c:251:13: error: invalid storage class for function 'MX_GPIO_Init'
  251 | static void MX_GPIO_Init(void)
      |             ^~~~~~~~~~~~
../Core/Src/main.c:283:1: error: expected declaration or statement at end of input
  283 | }
      | ^
../Core/Src/main.c: At top level:
../Core/Src/main.c:55:13: warning: 'MX_GPIO_Init' used but never defined
   55 | static void MX_GPIO_Init(void);
      |             ^~~~~~~~~~~~
../Core/Src/main.c:56:13: warning: 'MX_TIM2_Init' used but never defined
   56 | static void MX_TIM2_Init(void);
      |             ^~~~~~~~~~~~
../Core/Src/main.c:57:13: warning: 'MX_USART2_UART_Init' used but never defined
   57 | static void MX_USART2_UART_Init(void);
      |             ^~~~~~~~~~~~~~~~~~~
../Core/Src/main.c:274:6: warning: 'Error_Handler' defined but not used [-Wunused-function]
  274 | void Error_Handler(void)
      |      ^~~~~~~~~~~~~
../Core/Src/main.c:251:13: warning: 'MX_GPIO_Init' defined but not used [-Wunused-function]
  251 | static void MX_GPIO_Init(void)
      |             ^~~~~~~~~~~~
../Core/Src/main.c:218:13: warning: 'MX_USART2_UART_Init' defined but not used [-Wunused-function]
  218 | static void MX_USART2_UART_Init(void)
      |             ^~~~~~~~~~~~~~~~~~~
../Core/Src/main.c:170:13: warning: 'MX_TIM2_Init' defined but not used [-Wunused-function]
  170 | static void MX_TIM2_Init(void)
      |             ^~~~~~~~~~~~
../Core/Src/main.c:124:6: warning: 'SystemClock_Config' defined but not used [-Wunused-function]
  124 | void SystemClock_Config(void)
      |      ^~~~~~~~~~~~~~~~~~
make: *** [Core/Src/subdir.mk:34: Core/Src/main.o] Error 1
"make -j4 all" terminated with exit code 2. Build might be incomplete.
12:58:02 **** Incremental Build of configuration Debug for project DAC_SQUARE ****
make -j4 all 
arm-none-eabi-size  DAC_SQUARE.elf 
   text	   data	    bss	    dec	    hex	filename
   6884	     12	   1596	   8492	   212c	DAC_SQUARE.elf
Finished building: default.size.stdout
 
12:58:03 **** Incremental Build of configuration Debug for project LED_timer ****
make -j4 all 
arm-none-eabi-size  LED_timer.elf 
   text	   data	    bss	    dec	    hex	filename
   8824	     12	   1716	  10552	   2938	LED_timer.elf
Finished building: default.size.stdout
 
12:58:04 **** Incremental Build of configuration Debug for project PWM ****
make -j4 all 
arm-none-eabi-size  PWM.elf 
   text	   data	    bss	    dec	    hex	filename
   9744	     12	   1644	  11400	   2c88	PWM.elf
Finished building: default.size.stdout
 
12:58:05 **** Incremental Build of configuration Debug for project UART ****
make -j4 all 
arm-none-eabi-size  UART.elf 
   text	   data	    bss	    dec	    hex	filename
  13144	    104	   1976	  15224	   3b78	UART.elf
Finished building: default.size.stdout
 
12:58:06 **** Incremental Build of configuration Debug for project UART_RECIVIER ****
make -j4 all 
arm-none-eabi-size  UART_RECIVIER.elf 
   text	   data	    bss	    dec	    hex	filename
   8896	     12	   1644	  10552	   2938	UART_RECIVIER.elf
Finished building: default.size.stdout
 
12:58:07 **** Incremental Build of configuration Debug for project UATR_4LED_RECEVER ****
make -j4 all 
arm-none-eabi-size  UATR_4LED_RECEVER.elf 
   text	   data	    bss	    dec	    hex	filename
   8988	     12	   1644	  10644	   2994	UATR_4LED_RECEVER.elf
Finished building: default.size.stdout
 
12:58:08 **** Incremental Build of configuration Debug for project WDT_1 ****
make -j4 all 
arm-none-eabi-size  WDT_1.elf 
   text	   data	    bss	    dec	    hex	filename
   6372	     12	   1580	   7964	   1f1c	WDT_1.elf
Finished building: default.size.stdout
 
12:58:09 **** Incremental Build of configuration Debug for project bit_intrupt ****
make -j4 all 
arm-none-eabi-size  bit_intrupt.elf 
   text	   data	    bss	    dec	    hex	filename
   6180	     12	   1572	   7764	   1e54	bit_intrupt.elf
Finished building: default.size.stdout
 
12:58:10 **** Incremental Build of configuration Debug for project bit_led ****
make -j4 all 
arm-none-eabi-gcc "../Core/Src/main.c" -mcpu=cortex-m4 -std=gnu11 -g3 -DDEBUG -DUSE_HAL_DRIVER -DSTM32F407xx -c -I../Core/Inc -I../Drivers/STM32F4xx_HAL_Driver/Inc -I../Drivers/STM32F4xx_HAL_Driver/Inc/Legacy -I../Drivers/CMSIS/Device/ST/STM32F4xx/Include -I../Drivers/CMSIS/Include -O0 -ffunction-sections -fdata-sections -Wall -fstack-usage -fcyclomatic-complexity -MMD -MP -MF"Core/Src/main.d" -MT"Core/Src/main.o" --specs=nano.specs -mfpu=fpv4-sp-d16 -mfloat-abi=hard -mthumb -o "Core/Src/main.o"
../Core/Src/main.c: In function 'main':
../Core/Src/main.c:184:13: error: invalid storage class for function 'MX_GPIO_Init'
  184 | static void MX_GPIO_Init(void)
      |             ^~~~~~~~~~~~
../Core/Src/main.c:233:1: error: expected declaration or statement at end of input
  233 | }
      | ^
../Core/Src/main.c: At top level:
../Core/Src/main.c:50:13: warning: 'MX_GPIO_Init' used but never defined
   50 | static void MX_GPIO_Init(void);
      |             ^~~~~~~~~~~~
../Core/Src/main.c:224:6: warning: 'Error_Handler' defined but not used [-Wunused-function]
  224 | void Error_Handler(void)
      |      ^~~~~~~~~~~~~
../Core/Src/main.c:184:13: warning: 'MX_GPIO_Init' defined but not used [-Wunused-function]
  184 | static void MX_GPIO_Init(void)
      |             ^~~~~~~~~~~~
../Core/Src/main.c:142:6: warning: 'SystemClock_Config' defined but not used [-Wunused-function]
  142 | void SystemClock_Config(void)
      |      ^~~~~~~~~~~~~~~~~~
make: *** [Core/Src/subdir.mk:34: Core/Src/main.o] Error 1
"make -j4 all" terminated with exit code 2. Build might be incomplete.
12:58:12 **** Incremental Build of configuration Debug for project counters ****
make -j4 all 
arm-none-eabi-gcc "../Core/Src/main.c" -mcpu=cortex-m4 -std=gnu11 -g3 -DDEBUG -DUSE_HAL_DRIVER -DSTM32F407xx -c -I../Core/Inc -I../Drivers/STM32F4xx_HAL_Driver/Inc -I../Drivers/STM32F4xx_HAL_Driver/Inc/Legacy -I../Drivers/CMSIS/Device/ST/STM32F4xx/Include -I../Drivers/CMSIS/Include -O0 -ffunction-sections -fdata-sections -Wall -fstack-usage -fcyclomatic-complexity -MMD -MP -MF"Core/Src/main.d" -MT"Core/Src/main.o" --specs=nano.specs -mfpu=fpv4-sp-d16 -mfloat-abi=hard -mthumb -o "Core/Src/main.o"
arm-none-eabi-gcc "../Core/Src/stm32f4xx_hal_msp.c" -mcpu=cortex-m4 -std=gnu11 -g3 -DDEBUG -DUSE_HAL_DRIVER -DSTM32F407xx -c -I../Core/Inc -I../Drivers/STM32F4xx_HAL_Driver/Inc -I../Drivers/STM32F4xx_HAL_Driver/Inc/Legacy -I../Drivers/CMSIS/Device/ST/STM32F4xx/Include -I../Drivers/CMSIS/Include -O0 -ffunction-sections -fdata-sections -Wall -fstack-usage -fcyclomatic-complexity -MMD -MP -MF"Core/Src/stm32f4xx_hal_msp.d" -MT"Core/Src/stm32f4xx_hal_msp.o" --specs=nano.specs -mfpu=fpv4-sp-d16 -mfloat-abi=hard -mthumb -o "Core/Src/stm32f4xx_hal_msp.o"
arm-none-eabi-gcc "../Core/Src/stm32f4xx_it.c" -mcpu=cortex-m4 -std=gnu11 -g3 -DDEBUG -DUSE_HAL_DRIVER -DSTM32F407xx -c -I../Core/Inc -I../Drivers/STM32F4xx_HAL_Driver/Inc -I../Drivers/STM32F4xx_HAL_Driver/Inc/Legacy -I../Drivers/CMSIS/Device/ST/STM32F4xx/Include -I../Drivers/CMSIS/Include -O0 -ffunction-sections -fdata-sections -Wall -fstack-usage -fcyclomatic-complexity -MMD -MP -MF"Core/Src/stm32f4xx_it.d" -MT"Core/Src/stm32f4xx_it.o" --specs=nano.specs -mfpu=fpv4-sp-d16 -mfloat-abi=hard -mthumb -o "Core/Src/stm32f4xx_it.o"
../Core/Src/main.c:120:16: warning: 'HAL_TIM_PeriodElapsedCallback' defined but not used [-Wunused-function]
  120 |           void HAL_TIM_PeriodElapsedCallback(TIM_HandleTypeDef* htim)
      |                ^~~~~~~~~~~~~~~~~~~~~~~~~~~~~
arm-none-eabi-gcc -o "counters.elf" @"objects.list"   -mcpu=cortex-m4 -T"C:\Users\My PC\STM32CubeIDE\workspace_1.18.1\counters\STM32F407VGTX_FLASH.ld" --specs=nosys.specs -Wl,-Map="counters.map" -Wl,--gc-sections -static --specs=nano.specs -mfpu=fpv4-sp-d16 -mfloat-abi=hard -mthumb -Wl,--start-group -lc -lm -Wl,--end-group
Finished building target: counters.elf
 
arm-none-eabi-size  counters.elf 
arm-none-eabi-objdump -h -S counters.elf  > "counters.list"
   text	   data	    bss	    dec	    hex	filename
  10752	     12	   1788	  12552	   3108	counters.elf
Finished building: default.size.stdout
 
[...]
make -j4 all 
arm-none-eabi-size  bit_intrupt.elf 
   text	   data	    bss	    dec	    hex	filename
   6180	     12	   1572	   7764	   1e54	bit_intrupt.elf
Finished building: default.size.stdout
 
11:54:31 **** Incremental Build of configuration Debug for project bit_led ****
make -j4 all 
arm-none-eabi-gcc "../Core/Src/main.c" -mcpu=cortex-m4 -std=gnu11 -g3 -DDEBUG -DUSE_HAL_DRIVER -DSTM32F407xx -c -I../Core/Inc -I../Drivers/STM32F4xx_HAL_Driver/Inc -I../Drivers/STM32F4xx_HAL_Driver/Inc/Legacy -I../Drivers/CMSIS/Device/ST/STM32F4xx/Include -I../Drivers/CMSIS/Include -O0 -ffunction-sections -fdata-sections -Wall -fstack-usage -fcyclomatic-complexity -MMD -MP -MF"Core/Src/main.d" -MT"Core/Src/main.o" --specs=nano.specs -mfpu=fpv4-sp-d16 -mfloat-abi=hard -mthumb -o "Core/Src/main.o"
../Core/Src/main.c: In function 'main':
../Core/Src/main.c:184:13: error: invalid storage class for function 'MX_GPIO_Init'
  184 | static void MX_GPIO_Init(void)
      |             ^~~~~~~~~~~~
../Core/Src/main.c:233:1: error: expected declaration or statement at end of input
  233 | }
      | ^
../Core/Src/main.c: At top level:
../Core/Src/main.c:50:13: warning: 'MX_GPIO_Init' used but never defined
   50 | static void MX_GPIO_Init(void);
      |             ^~~~~~~~~~~~
../Core/Src/main.c:224:6: warning: 'Error_Handler' defined but not used [-Wunused-function]
  224 | void Error_Handler(void)
      |      ^~~~~~~~~~~~~
../Core/Src/main.c:184:13: warning: 'MX_GPIO_Init' defined but not used [-Wunused-function]
  184 | static void MX_GPIO_Init(void)
      |             ^~~~~~~~~~~~
../Core/Src/main.c:142:6: warning: 'SystemClock_Config' defined but not used [-Wunused-function]
  142 | void SystemClock_Config(void)
      |      ^~~~~~~~~~~~~~~~~~
make: *** [Core/Src/subdir.mk:34: Core/Src/main.o] Error 1
"make -j4 all" terminated with exit code 2. Build might be incomplete.
11:54:32 **** Incremental Build of configuration Debug for project counters ****
make -j4 all 
arm-none-eabi-size  counters.elf 
   text	   data	    bss	    dec	    hex	filename
  10752	     12	   1788	  12552	   3108	counters.elf
Finished building: default.size.stdout
 
11:54:34 **** Incremental Build of configuration Debug for project laser ****
make -j4 all 
arm-none-eabi-size  laser.elf 
   text	   data	    bss	    dec	    hex	filename
   6084	     12	   1572	   7668	   1df4	laser.elf
Finished building: default.size.stdout
 
11:54:35 **** Incremental Build of configuration Debug for project led_blink ****
make -j4 all 
arm-none-eabi-size  led_blink.elf 
   text	   data	    bss	    dec	    hex	filename
   6068	     12	   1572	   7652	   1de4	led_blink.elf
Finished building: default.size.stdout
 
11:54:36 **** Incremental Build of configuration Debug for project printf_swv ****
make -j4 all 
arm-none-eabi-size  printf_swv.elf 
   text	   data	    bss	    dec	    hex	filename
   9288	    104	   1912	  11304	   2c28	printf_swv.elf
Finished building: default.size.stdout
 
11:54:43 **** Incremental Build of configuration Debug for project I2C_charTRANSMIT ****
make -j4 all 
arm-none-eabi-gcc "../Core/Src/main.c" -mcpu=cortex-m4 -std=gnu11 -g3 -DDEBUG -DUSE_HAL_DRIVER -DSTM32F407xx -c -I../Core/Inc -I../Drivers/STM32F4xx_HAL_Driver/Inc -I../Drivers/STM32F4xx_HAL_Driver/Inc/Legacy -I../Drivers/CMSIS/Device/ST/STM32F4xx/Include -I../Drivers/CMSIS/Include -O0 -ffunction-sections -fdata-sections -Wall -fstack-usage -fcyclomatic-complexity -MMD -MP -MF"Core/Src/main.d" -MT"Core/Src/main.o" --specs=nano.specs -mfpu=fpv4-sp-d16 -mfloat-abi=hard -mthumb -o "Core/Src/main.o"
../Core/Src/main.c:70:23: error: invalid initializer
   70 | char tx_data1[SIZE] = 'A';
      |                       ^~~
../Core/Src/main.c: In function 'main':
../Core/Src/main.c:109:36: warning: pointer targets in passing argument 2 of 'HAL_I2C_Slave_Receive_IT' differ in signedness [-Wpointer-sign]
  109 |   HAL_I2C_Slave_Receive_IT(&hi2c3, rx_data1, SIZE);
      |                                    ^~~~~~~~
      |                                    |
      |                                    char *
In file included from ../Core/Inc/stm32f4xx_hal_conf.h:363,
                 from ../Drivers/STM32F4xx_HAL_Driver/Inc/stm32f4xx_hal.h:29,
                 from ../Core/Inc/main.h:30,
                 from ../Core/Src/main.c:20:
../Drivers/STM32F4xx_HAL_Driver/Inc/stm32f4xx_hal_i2c.h:578:78: note: expected 'uint8_t *' {aka 'unsigned char *'} but argument is of type 'char *'
  578 | HAL_StatusTypeDef HAL_I2C_Slave_Receive_IT(I2C_HandleTypeDef *hi2c, uint8_t *pData, uint16_t Size);
      |                                                                     ~~~~~~~~~^~~~~
../Core/Src/main.c:121:67: warning: pointer targets in passing argument 3 of 'HAL_I2C_Master_Transmit_IT' differ in signedness [-Wpointer-sign]
  121 |               HAL_I2C_Master_Transmit_IT(&hi2c1, SLAVE_ADDR << 1, tx_data1, SIZE);
      |                                                                   ^~~~~~~~
      |                                                                   |
      |                                                                   char *
../Drivers/STM32F4xx_HAL_Driver/Inc/stm32f4xx_hal_i2c.h:575:101: note: expected 'uint8_t *' {aka 'unsigned char *'} but argument is of type 'char *'
  575 | HAL_StatusTypeDef HAL_I2C_Master_Transmit_IT(I2C_HandleTypeDef *hi2c, uint16_t DevAddress, uint8_t *pData, uint16_t Size);
      |                                                                                            ~~~~~~~~~^~~~~
../Core/Src/main.c: In function 'HAL_I2C_SlaveRxCpltCallback':
../Core/Src/main.c:319:42: warning: pointer targets in passing argument 2 of 'HAL_I2C_Slave_Receive_IT' differ in signedness [-Wpointer-sign]
  319 |         HAL_I2C_Slave_Receive_IT(&hi2c3, rx_data1, SIZE);
      |                                          ^~~~~~~~
      |                                          |
      |                                          char *
../Drivers/STM32F4xx_HAL_Driver/Inc/stm32f4xx_hal_i2c.h:578:78: note: expected 'uint8_t *' {aka 'unsigned char *'} but argument is of type 'char *'
  578 | HAL_StatusTypeDef HAL_I2C_Slave_Receive_IT(I2C_HandleTypeDef *hi2c, uint8_t *pData, uint16_t Size);
      |                                                                     ~~~~~~~~~^~~~~
make: *** [Core/Src/subdir.mk:34: Core/Src/main.o] Error 1
"make -j4 all" terminated with exit code 2. Build might be incomplete.
11:55:11 **** Incremental Build of configuration Debug for project I2C_charTRANSMIT ****
make -j4 all 
arm-none-eabi-gcc "../Core/Src/main.c" -mcpu=cortex-m4 -std=gnu11 -g3 -DDEBUG -DUSE_HAL_DRIVER -DSTM32F407xx -c -I../Core/Inc -I../Drivers/STM32F4xx_HAL_Driver/Inc -I../Drivers/STM32F4xx_HAL_Driver/Inc/Legacy -I../Drivers/CMSIS/Device/ST/STM32F4xx/Include -I../Drivers/CMSIS/Include -O0 -ffunction-sections -fdata-sections -Wall -fstack-usage -fcyclomatic-complexity -MMD -MP -MF"Core/Src/main.d" -MT"Core/Src/main.o" --specs=nano.specs -mfpu=fpv4-sp-d16 -mfloat-abi=hard -mthumb -o "Core/Src/main.o"
../Core/Src/main.c:70:24: error: invalid initializer
   70 | char *tx_data1[SIZE] = 'A';
      |                        ^~~
../Core/Src/main.c:73:23: error: invalid initializer
   73 | char *tx_data[SIZE] = "OK";
      |                       ^~~~
../Core/Src/main.c: In function 'main':
../Core/Src/main.c:109:36: warning: passing argument 2 of 'HAL_I2C_Slave_Receive_IT' from incompatible pointer type [-Wincompatible-pointer-types]
  109 |   HAL_I2C_Slave_Receive_IT(&hi2c3, rx_data1, SIZE);
      |                                    ^~~~~~~~
      |                                    |
      |                                    char **
In file included from ../Core/Inc/stm32f4xx_hal_conf.h:363,
                 from ../Drivers/STM32F4xx_HAL_Driver/Inc/stm32f4xx_hal.h:29,
                 from ../Core/Inc/main.h:30,
                 from ../Core/Src/main.c:20:
../Drivers/STM32F4xx_HAL_Driver/Inc/stm32f4xx_hal_i2c.h:578:78: note: expected 'uint8_t *' {aka 'unsigned char *'} but argument is of type 'char **'
  578 | HAL_StatusTypeDef HAL_I2C_Slave_Receive_IT(I2C_HandleTypeDef *hi2c, uint8_t *pData, uint16_t Size);
      |                                                                     ~~~~~~~~~^~~~~
../Core/Src/main.c:121:67: warning: passing argument 3 of 'HAL_I2C_Master_Transmit_IT' from incompatible pointer type [-Wincompatible-pointer-types]
  121 |               HAL_I2C_Master_Transmit_IT(&hi2c1, SLAVE_ADDR << 1, tx_data1, SIZE);
      |                                                                   ^~~~~~~~
      |                                                                   |
      |                                                                   char **
../Drivers/STM32F4xx_HAL_Driver/Inc/stm32f4xx_hal_i2c.h:575:101: note: expected 'uint8_t *' {aka 'unsigned char *'} but argument is of type 'char **'
  575 | HAL_StatusTypeDef HAL_I2C_Master_Transmit_IT(I2C_HandleTypeDef *hi2c, uint16_t DevAddress, uint8_t *pData, uint16_t Size);
      |                                                                                            ~~~~~~~~~^~~~~
../Core/Src/main.c: In function 'HAL_I2C_SlaveRxCpltCallback':
../Core/Src/main.c:319:42: warning: passing argument 2 of 'HAL_I2C_Slave_Receive_IT' from incompatible pointer type [-Wincompatible-pointer-types]
  319 |         HAL_I2C_Slave_Receive_IT(&hi2c3, rx_data1, SIZE);
      |                                          ^~~~~~~~
      |                                          |
      |                                          char **
../Drivers/STM32F4xx_HAL_Driver/Inc/stm32f4xx_hal_i2c.h:578:78: note: expected 'uint8_t *' {aka 'unsigned char *'} but argument is of type 'char **'
  578 | HAL_StatusTypeDef HAL_I2C_Slave_Receive_IT(I2C_HandleTypeDef *hi2c, uint8_t *pData, uint16_t Size);
      |                                                                     ~~~~~~~~~^~~~~
make: *** [Core/Src/subdir.mk:34: Core/Src/main.o] Error 1
"make -j4 all" terminated with exit code 2. Build might be incomplete.
11:58:12 **** Incremental Build of configuration Debug for project ADC ****
make -j4 all 
arm-none-eabi-size  ADC.elf 
   text	   data	    bss	    dec	    hex	filename
  28292	    468	   2124	  30884	   78a4	ADC.elf
Finished building: default.size.stdout
 
11:58:13 **** Incremental Build of configuration Debug for project DAC_SQUARE ****
make -j4 all 
arm-none-eabi-size  DAC_SQUARE.elf 
   text	   data	    bss	    dec	    hex	filename
   6884	     12	   1596	   8492	   212c	DAC_SQUARE.elf
Finished building: default.size.stdout
 
11:58:14 **** Incremental Build of configuration Debug for project I2C ****
make -j4 all 
arm-none-eabi-size  I2C.elf 
   text	   data	    bss	    dec	    hex	filename
  17340	     32	   1832	  19204	   4b04	I2C.elf
Finished building: default.size.stdout
 
11:58:15 **** Incremental Build of configuration Debug for project I2C_charTRANSMIT ****
make -j4 all 
arm-none-eabi-gcc "../Core/Src/main.c" -mcpu=cortex-m4 -std=gnu11 -g3 -DDEBUG -DUSE_HAL_DRIVER -DSTM32F407xx -c -I../Core/Inc -I../Drivers/STM32F4xx_HAL_Driver/Inc -I../Drivers/STM32F4xx_HAL_Driver/Inc/Legacy -I../Drivers/CMSIS/Device/ST/STM32F4xx/Include -I../Drivers/CMSIS/Include -O0 -ffunction-sections -fdata-sections -Wall -fstack-usage -fcyclomatic-complexity -MMD -MP -MF"Core/Src/main.d" -MT"Core/Src/main.o" --specs=nano.specs -mfpu=fpv4-sp-d16 -mfloat-abi=hard -mthumb -o "Core/Src/main.o"
../Core/Src/main.c:70:26: error: invalid initializer
   70 | uint8_t tx_data1[SIZE] = 'A';
      |                          ^~~
../Core/Src/main.c:73:1: error: unknown type name 'uint8_t_'; did you mean 'uint8_t'?
   73 | uint8_t_ tx_data[SIZE] = "OK";
      | ^~~~~~~~
      | uint8_t
../Core/Src/main.c:73:26: error: array of inappropriate type initialized from string constant
   73 | uint8_t_ tx_data[SIZE] = "OK";
      |                          ^~~~
make: *** [Core/Src/subdir.mk:34: Core/Src/main.o] Error 1
"make -j4 all" terminated with exit code 2. Build might be incomplete.
11:58:17 **** Incremental Build of configuration Debug for project IR SENSOR ****
make -j4 all 
arm-none-eabi-size  IR\ SENSOR.elf 
   text	   data	    bss	    dec	    hex	filename
   8588	     12	   1644	  10244	   2804	IR SENSOR.elf
Finished building: default.size.stdout
 
11:58:18 **** Incremental Build of configuration Debug for project LED_timer ****
make -j4 all 
arm-none-eabi-size  LED_timer.elf 
   text	   data	    bss	    dec	    hex	filename
   8824	     12	   1716	  10552	   2938	LED_timer.elf
Finished building: default.size.stdout
 
11:58:19 **** Incremental Build of configuration Debug for project MAX6675 ****
make -j4 all 
arm-none-eabi-size  MAX6675.elf 
   text	   data	    bss	    dec	    hex	filename
  26468	    468	   2068	  29004	   714c	MAX6675.elf
Finished building: default.size.stdout
 
11:58:20 **** Incremental Build of configuration Debug for project PWM ****
make -j4 all 
arm-none-eabi-size  PWM.elf 
   text	   data	    bss	    dec	    hex	filename
   9752	     12	   1644	  11408	   2c90	PWM.elf
Finished building: default.size.stdout
 
11:58:21 **** Incremental Build of configuration Debug for project UART ****
make -j4 all 
arm-none-eabi-size  UART.elf 
   text	   data	    bss	    dec	    hex	filename
  13144	    104	   1976	  15224	   3b78	UART.elf
Finished building: default.size.stdout
 
11:58:22 **** Incremental Build of configuration Debug for project UART_DMA ****
make -j4 all 
arm-none-eabi-size  UART_DMA.elf 
   text	   data	    bss	    dec	    hex	filename
  13992	     12	   1748	  15752	   3d88	UART_DMA.elf
Finished building: default.size.stdout
 
11:58:23 **** Incremental Build of configuration Debug for project UART_RECIVIER ****
make -j4 all 
arm-none-eabi-size  UART_RECIVIER.elf 
   text	   data	    bss	    dec	    hex	filename
   8896	     12	   1644	  10552	   2938	UART_RECIVIER.elf
Finished building: default.size.stdout
 
11:58:24 **** Incremental Build of configuration Debug for project UATR_4LED_RECEVER ****
make -j4 all 
arm-none-eabi-size  UATR_4LED_RECEVER.elf 
   text	   data	    bss	    dec	    hex	filename
   8988	     12	   1644	  10644	   2994	UATR_4LED_RECEVER.elf
Finished building: default.size.stdout
 
11:58:26 **** Incremental Build of configuration Debug for project WDT_1 ****
make -j4 all 
arm-none-eabi-size  WDT_1.elf 
   text	   data	    bss	    dec	    hex	filename
   6372	     12	   1580	   7964	   1f1c	WDT_1.elf
Finished building: default.size.stdout
 
11:58:27 **** Incremental Build of configuration Debug for project bit_intrupt ****
make -j4 all 
arm-none-eabi-size  bit_intrupt.elf 
   text	   data	    bss	    dec	    hex	filename
   6180	     12	   1572	   7764	   1e54	bit_intrupt.elf
Finished building: default.size.stdout
 
11:58:28 **** Incremental Build of configuration Debug for project bit_led ****
make -j4 all 
arm-none-eabi-gcc "../Core/Src/main.c" -mcpu=cortex-m4 -std=gnu11 -g3 -DDEBUG -DUSE_HAL_DRIVER -DSTM32F407xx -c -I../Core/Inc -I../Drivers/STM32F4xx_HAL_Driver/Inc -I../Drivers/STM32F4xx_HAL_Driver/Inc/Legacy -I../Drivers/CMSIS/Device/ST/STM32F4xx/Include -I../Drivers/CMSIS/Include -O0 -ffunction-sections -fdata-sections -Wall -fstack-usage -fcyclomatic-complexity -MMD -MP -MF"Core/Src/main.d" -MT"Core/Src/main.o" --specs=nano.specs -mfpu=fpv4-sp-d16 -mfloat-abi=hard -mthumb -o "Core/Src/main.o"
../Core/Src/main.c: In function 'main':
../Core/Src/main.c:184:13: error: invalid storage class for function 'MX_GPIO_Init'
  184 | static void MX_GPIO_Init(void)
      |             ^~~~~~~~~~~~
../Core/Src/main.c:233:1: error: expected declaration or statement at end of input
  233 | }
      | ^
../Core/Src/main.c: At top level:
../Core/Src/main.c:50:13: warning: 'MX_GPIO_Init' used but never defined
   50 | static void MX_GPIO_Init(void);
      |             ^~~~~~~~~~~~
../Core/Src/main.c:224:6: warning: 'Error_Handler' defined but not used [-Wunused-function]
  224 | void Error_Handler(void)
      |      ^~~~~~~~~~~~~
../Core/Src/main.c:184:13: warning: 'MX_GPIO_Init' defined but not used [-Wunused-function]
  184 | static void MX_GPIO_Init(void)
      |             ^~~~~~~~~~~~
../Core/Src/main.c:142:6: warning: 'SystemClock_Config' defined but not used [-Wunused-function]
  142 | void SystemClock_Config(void)
      |      ^~~~~~~~~~~~~~~~~~
make: *** [Core/Src/subdir.mk:34: Core/Src/main.o] Error 1
"make -j4 all" terminated with exit code 2. Build might be incomplete.
11:58:30 **** Incremental Build of configuration Debug for project counters ****
make -j4 all 
arm-none-eabi-size  counters.elf 
   text	   data	    bss	    dec	    hex	filename
  10752	     12	   1788	  12552	   3108	counters.elf
Finished building: default.size.stdout
 
11:58:31 **** Incremental Build of configuration Debug for project laser ****
make -j4 all 
arm-none-eabi-size  laser.elf 
   text	   data	    bss	    dec	    hex	filename
   6084	     12	   1572	   7668	   1df4	laser.elf
Finished building: default.size.stdout
 
11:58:33 **** Incremental Build of configuration Debug for project led_blink ****
make -j4 all 
arm-none-eabi-size  led_blink.elf 
   text	   data	    bss	    dec	    hex	filename
   6068	     12	   1572	   7652	   1de4	led_blink.elf
Finished building: default.size.stdout
 
11:58:34 **** Incremental Build of configuration Debug for project printf_swv ****
make -j4 all 
arm-none-eabi-size  printf_swv.elf 
   text	   data	    bss	    dec	    hex	filename
   9288	    104	   1912	  11304	   2c28	printf_swv.elf
Finished building: default.size.stdout
 
11:59:07 **** Incremental Build of configuration Debug for project I2C_charTRANSMIT ****
make -j4 all 
arm-none-eabi-gcc "../Core/Src/main.c" -mcpu=cortex-m4 -std=gnu11 -g3 -DDEBUG -DUSE_HAL_DRIVER -DSTM32F407xx -c -I../Core/Inc -I../Drivers/STM32F4xx_HAL_Driver/Inc -I../Drivers/STM32F4xx_HAL_Driver/Inc/Legacy -I../Drivers/CMSIS/Device/ST/STM32F4xx/Include -I../Drivers/CMSIS/Include -O0 -ffunction-sections -fdata-sections -Wall -fstack-usage -fcyclomatic-complexity -MMD -MP -MF"Core/Src/main.d" -MT"Core/Src/main.o" --specs=nano.specs -mfpu=fpv4-sp-d16 -mfloat-abi=hard -mthumb -o "Core/Src/main.o"
../Core/Src/main.c:70:26: error: invalid initializer
   70 | uint8_t tx_data1[SIZE] = 'A';
      |                          ^~~
../Core/Src/main.c:73:1: error: unknown type name 'uint8_t_'; did you mean 'uint8_t'?
   73 | uint8_t_ tx_data[SIZE] = "OK";
      | ^~~~~~~~
      | uint8_t
../Core/Src/main.c:73:26: error: array of inappropriate type initialized from string constant
   73 | uint8_t_ tx_data[SIZE] = "OK";
      |                          ^~~~
make: *** [Core/Src/subdir.mk:34: Core/Src/main.o] Error 1
"make -j4 all" terminated with exit code 2. Build might be incomplete.
12:00:20 **** Incremental Build of configuration Debug for project I2C_charTRANSMIT ****
make -j4 all 
arm-none-eabi-gcc "../Core/Src/main.c" -mcpu=cortex-m4 -std=gnu11 -g3 -DDEBUG -DUSE_HAL_DRIVER -DSTM32F407xx -c -I../Core/Inc -I../Drivers/STM32F4xx_HAL_Driver/Inc -I../Drivers/STM32F4xx_HAL_Driver/Inc/Legacy -I../Drivers/CMSIS/Device/ST/STM32F4xx/Include -I../Drivers/CMSIS/Include -O0 -ffunction-sections -fdata-sections -Wall -fstack-usage -fcyclomatic-complexity -MMD -MP -MF"Core/Src/main.d" -MT"Core/Src/main.o" --specs=nano.specs -mfpu=fpv4-sp-d16 -mfloat-abi=hard -mthumb -o "Core/Src/main.o"
../Core/Src/main.c:70:26: error: invalid initializer
   70 | uint8_t tx_data1[SIZE] = 'A';
      |                          ^~~
../Core/Src/main.c:73:1: error: unknown type name 'uint8_t_'; did you mean 'uint8_t'?
   73 | uint8_t_ tx_data[SIZE] = "OK";
      | ^~~~~~~~
      | uint8_t
../Core/Src/main.c:73:26: error: array of inappropriate type initialized from string constant
   73 | uint8_t_ tx_data[SIZE] = "OK";
      |                          ^~~~
make: *** [Core/Src/subdir.mk:34: Core/Src/main.o] Error 1
"make -j4 all" terminated with exit code 2. Build might be incomplete.
